Archive member included to satisfy reference by file (symbol)

C:/Users/fe/.pico-sdk/toolchain/13_2_Rel1/bin/../lib/gcc/arm-none-eabi/13.2.1/thumb/v6-m/nofp\libgcc.a(_dvmd_tls.o)
                              CMakeFiles/Microphone_DMA.dir/C_/Users/fe/.pico-sdk/sdk/1.5.1/src/rp2_common/pico_divider/divider.S.obj (__aeabi_idiv0)
C:/Users/fe/.pico-sdk/toolchain/13_2_Rel1/bin/../lib/gcc/arm-none-eabi/13.2.1/thumb/v6-m/nofp\libg.a(libc_a-calloc.o)
                              CMakeFiles/Microphone_DMA.dir/C_/Users/fe/.pico-sdk/sdk/1.5.1/src/rp2_common/pico_malloc/pico_malloc.c.obj (calloc)
C:/Users/fe/.pico-sdk/toolchain/13_2_Rel1/bin/../lib/gcc/arm-none-eabi/13.2.1/thumb/v6-m/nofp\libg.a(libc_a-callocr.o)
                              C:/Users/fe/.pico-sdk/toolchain/13_2_Rel1/bin/../lib/gcc/arm-none-eabi/13.2.1/thumb/v6-m/nofp\libg.a(libc_a-calloc.o) (_calloc_r)
C:/Users/fe/.pico-sdk/toolchain/13_2_Rel1/bin/../lib/gcc/arm-none-eabi/13.2.1/thumb/v6-m/nofp\libg.a(libc_a-malloc.o)
                              CMakeFiles/Microphone_DMA.dir/C_/Users/fe/.pico-sdk/sdk/1.5.1/src/rp2_common/pico_malloc/pico_malloc.c.obj (malloc)
C:/Users/fe/.pico-sdk/toolchain/13_2_Rel1/bin/../lib/gcc/arm-none-eabi/13.2.1/thumb/v6-m/nofp\libg.a(libc_a-mallocr.o)
                              C:/Users/fe/.pico-sdk/toolchain/13_2_Rel1/bin/../lib/gcc/arm-none-eabi/13.2.1/thumb/v6-m/nofp\libg.a(libc_a-callocr.o) (_malloc_r)
C:/Users/fe/.pico-sdk/toolchain/13_2_Rel1/bin/../lib/gcc/arm-none-eabi/13.2.1/thumb/v6-m/nofp\libg.a(libc_a-mlock.o)
                              C:/Users/fe/.pico-sdk/toolchain/13_2_Rel1/bin/../lib/gcc/arm-none-eabi/13.2.1/thumb/v6-m/nofp\libg.a(libc_a-mallocr.o) (__malloc_lock)
C:/Users/fe/.pico-sdk/toolchain/13_2_Rel1/bin/../lib/gcc/arm-none-eabi/13.2.1/thumb/v6-m/nofp\libg.a(libc_a-realloc.o)
                              CMakeFiles/Microphone_DMA.dir/C_/Users/fe/.pico-sdk/sdk/1.5.1/src/rp2_common/pico_malloc/pico_malloc.c.obj (realloc)
C:/Users/fe/.pico-sdk/toolchain/13_2_Rel1/bin/../lib/gcc/arm-none-eabi/13.2.1/thumb/v6-m/nofp\libg.a(libc_a-reallocr.o)
                              C:/Users/fe/.pico-sdk/toolchain/13_2_Rel1/bin/../lib/gcc/arm-none-eabi/13.2.1/thumb/v6-m/nofp\libg.a(libc_a-realloc.o) (_realloc_r)
C:/Users/fe/.pico-sdk/toolchain/13_2_Rel1/bin/../lib/gcc/arm-none-eabi/13.2.1/thumb/v6-m/nofp\libg.a(libc_a-ctype_.o)
                              CMakeFiles/Microphone_DMA.dir/inc/ssd1306_i2c.c.obj (_ctype_)
C:/Users/fe/.pico-sdk/toolchain/13_2_Rel1/bin/../lib/gcc/arm-none-eabi/13.2.1/thumb/v6-m/nofp\libg.a(libc_a-fwrite.o)
                              CMakeFiles/Microphone_DMA.dir/pico_fft/src/fft.c.obj (fwrite)
C:/Users/fe/.pico-sdk/toolchain/13_2_Rel1/bin/../lib/gcc/arm-none-eabi/13.2.1/thumb/v6-m/nofp\libg.a(libc_a-memmove.o)
                              C:/Users/fe/.pico-sdk/toolchain/13_2_Rel1/bin/../lib/gcc/arm-none-eabi/13.2.1/thumb/v6-m/nofp\libg.a(libc_a-reallocr.o) (memmove)
C:/Users/fe/.pico-sdk/toolchain/13_2_Rel1/bin/../lib/gcc/arm-none-eabi/13.2.1/thumb/v6-m/nofp\libg.a(libc_a-impure.o)
                              CMakeFiles/Microphone_DMA.dir/pico_fft/src/fft.c.obj (_impure_ptr)
C:/Users/fe/.pico-sdk/toolchain/13_2_Rel1/bin/../lib/gcc/arm-none-eabi/13.2.1/thumb/v6-m/nofp\libg.a(libc_a-sbrkr.o)
                              C:/Users/fe/.pico-sdk/toolchain/13_2_Rel1/bin/../lib/gcc/arm-none-eabi/13.2.1/thumb/v6-m/nofp\libg.a(libc_a-mallocr.o) (_sbrk_r)
C:/Users/fe/.pico-sdk/toolchain/13_2_Rel1/bin/../lib/gcc/arm-none-eabi/13.2.1/thumb/v6-m/nofp\libg.a(libc_a-errno.o)
                              C:/Users/fe/.pico-sdk/toolchain/13_2_Rel1/bin/../lib/gcc/arm-none-eabi/13.2.1/thumb/v6-m/nofp\libg.a(libc_a-callocr.o) (__errno)
C:/Users/fe/.pico-sdk/toolchain/13_2_Rel1/bin/../lib/gcc/arm-none-eabi/13.2.1/thumb/v6-m/nofp\libg.a(libc_a-init.o)
                              C:/Users/fe/.pico-sdk/toolchain/13_2_Rel1/bin/../lib/gcc/arm-none-eabi/13.2.1/thumb/v6-m/nofp/crt0.o (__libc_init_array)
C:/Users/fe/.pico-sdk/toolchain/13_2_Rel1/bin/../lib/gcc/arm-none-eabi/13.2.1/thumb/v6-m/nofp\libg.a(libc_a-lock.o)
                              C:/Users/fe/.pico-sdk/toolchain/13_2_Rel1/bin/../lib/gcc/arm-none-eabi/13.2.1/thumb/v6-m/nofp\libg.a(libc_a-mlock.o) (__retarget_lock_acquire_recursive)
C:/Users/fe/.pico-sdk/toolchain/13_2_Rel1/bin/../lib/gcc/arm-none-eabi/13.2.1/thumb/v6-m/nofp\libg.a(libc_a-sysconf.o)
                              C:/Users/fe/.pico-sdk/toolchain/13_2_Rel1/bin/../lib/gcc/arm-none-eabi/13.2.1/thumb/v6-m/nofp\libg.a(libc_a-mallocr.o) (sysconf)
C:/Users/fe/.pico-sdk/toolchain/13_2_Rel1/bin/../lib/gcc/arm-none-eabi/13.2.1/thumb/v6-m/nofp\libg.a(libc_a-strlen-stub.o)
                              CMakeFiles/Microphone_DMA.dir/Microphone_DMA.c.obj (strlen)
C:/Users/fe/.pico-sdk/toolchain/13_2_Rel1/bin/../lib/gcc/arm-none-eabi/13.2.1/thumb/v6-m/nofp\libg.a(libc_a-freer.o)
[...]
Memory Configuration

Name             Origin             Length             Attributes
FLASH            0x10000000         0x00200000         xr
RAM              0x20000000         0x00040000         xrw
SCRATCH_X        0x20040000         0x00001000         xrw
SCRATCH_Y        0x20041000         0x00001000         xrw
*default*        0x00000000         0xffffffff

Linker script and memory map

LOAD C:/Users/fe/.pico-sdk/toolchain/13_2_Rel1/bin/../lib/gcc/arm-none-eabi/13.2.1/thumb/v6-m/nofp/crti.o
LOAD C:/Users/fe/.pico-sdk/toolchain/13_2_Rel1/bin/../lib/gcc/arm-none-eabi/13.2.1/thumb/v6-m/nofp/crtbegin.o
LOAD C:/Users/fe/.pico-sdk/toolchain/13_2_Rel1/bin/../lib/gcc/arm-none-eabi/13.2.1/thumb/v6-m/nofp/crt0.o

.flash_begin    0x10000000        0x0
                0x10000000                        __flash_binary_start = .

.boot2          0x10000000      0x100
                0x10000000                        __boot2_start__ = .
 *(.boot2)
 .boot2         0x10000000      0x100 C:\Users\fe\AppData\Local\Temp\cc07H3Pq.o
                0x10000100                        __boot2_end__ = .
                0x00000001                        ASSERT (((__boot2_end__ - __boot2_start__) == 0x100), ERROR: Pico second stage bootloader must be 256 bytes in size)

.text           0x10000100     0xae00
                0x10000100                        __logical_binary_start = .
 *(.vectors)
 .vectors       0x10000100       0xd4 CMakeFiles/Microphone_DMA.dir/C_/Users/fe/.pico-sdk/sdk/1.5.1/src/rp2_common/pico_standard_link/crt0.S.obj
                0x10000100                __VECTOR_TABLE
                0x10000100                __vectors
                0x100001c0                isr_invalid
                0x100001c0                __default_isrs_start
                0x100001c2                isr_nmi
                0x100001c4                isr_hardfault
                0x100001c6                isr_svcall
                0x100001c8                isr_pendsv
                0x100001ca                isr_systick
                0x100001cc                isr_irq23
                0x100001cc                isr_irq18
                0x100001cc                isr_irq11
                0x100001cc                isr_irq28
                0x100001cc                isr_irq19
                0x100001cc                isr_irq0
                0x100001cc                isr_irq6
                0x100001cc                isr_irq5
                0x100001cc                isr_irq12
                0x100001cc                isr_irq22
                0x100001cc                isr_irq31
                0x100001cc                isr_irq17
                0x100001cc                isr_irq27
                0x100001cc                isr_irq30
                0x100001cc                isr_irq2
                0x100001cc                isr_irq10
                0x100001cc                isr_irq8
                0x100001cc                isr_irq24
                0x100001cc                isr_irq1
                0x100001cc                isr_irq7
                0x100001cc                isr_irq21
                0x100001cc                isr_irq20
                0x100001cc                isr_irq15
                0x100001cc                isr_irq25
                0x100001cc                isr_irq13
                0x100001cc                __unhandled_user_irq
                0x100001cc                isr_irq4
                0x100001cc                isr_irq16
                0x100001cc                isr_irq29
                0x100001cc                isr_irq26
                0x100001cc                __default_isrs_end
                0x100001cc                isr_irq3
                0x100001cc                isr_irq14
                0x100001cc                isr_irq9
                0x100001d2                unhandled_user_irq_num_in_r0
 *(.binary_info_header)
 .binary_info_header
                0x100001d4       0x14 CMakeFiles/Microphone_DMA.dir/C_/Users/fe/.pico-sdk/sdk/1.5.1/src/rp2_common/pico_standard_link/crt0.S.obj
                0x100001e8                        __binary_info_header_end = .
 *(.reset)
 .reset         0x100001e8       0xa0 CMakeFiles/Microphone_DMA.dir/C_/Users/fe/.pico-sdk/sdk/1.5.1/src/rp2_common/pico_standard_link/crt0.S.obj
                0x100001e8                _entry_point
 .reset         0x10000288       0x30 CMakeFiles/Microphone_DMA.dir/C_/Users/fe/.pico-sdk/sdk/1.5.1/src/rp2_common/pico_standard_link/binary_info.c.obj
 *(.init)
 .init          0x100002b8        0x4 C:/Users/fe/.pico-sdk/toolchain/13_2_Rel1/bin/../lib/gcc/arm-none-eabi/13.2.1/thumb/v6-m/nofp/crti.o
                0x100002b8                _init
 *(EXCLUDE_FILE(*libm.a: *libc.a:*lib_a-mem*.o *libgcc.a:) .text*)
 .text.register_tm_clones
                0x100002bc       0x28 C:/Users/fe/.pico-sdk/toolchain/13_2_Rel1/bin/../lib/gcc/arm-none-eabi/13.2.1/thumb/v6-m/nofp/crtbegin.o
 .text.frame_dummy
                0x100002e4       0x24 C:/Users/fe/.pico-sdk/toolchain/13_2_Rel1/bin/../lib/gcc/arm-none-eabi/13.2.1/thumb/v6-m/nofp/crtbegin.o
 .text.main     0x10000308      0x1c4 CMakeFiles/Microphone_DMA.dir/Microphone_DMA.c.obj
                0x10000308                main
 .text.calculate_render_area_buffer_length
                0x100004cc       0x16 CMakeFiles/Microphone_DMA.dir/inc/ssd1306_i2c.c.obj
                0x100004cc                calculate_render_area_buffer_length
 *fill*         0x100004e2        0x2 
 .text.ssd1306_send_command
                0x100004e4       0x24 CMakeFiles/Microphone_DMA.dir/inc/ssd1306_i2c.c.obj
                0x100004e4                ssd1306_send_command
 .text.ssd1306_send_command_list
                0x10000508       0x18 CMakeFiles/Microphone_DMA.dir/inc/ssd1306_i2c.c.obj
                0x10000508                ssd1306_send_command_list
 .text.ssd1306_send_buffer
                0x10000520       0x40 CMakeFiles/Microphone_DMA.dir/inc/ssd1306_i2c.c.obj
                0x10000520                ssd1306_send_buffer
 .text.ssd1306_init
                0x10000560       0x2c CMakeFiles/Microphone_DMA.dir/inc/ssd1306_i2c.c.obj
                0x10000560                ssd1306_init
 .text.render_on_display
                0x1000058c       0x36 CMakeFiles/Microphone_DMA.dir/inc/ssd1306_i2c.c.obj
                0x1000058c                render_on_display
 *fill*         0x100005c2        0x2 
 .text.ssd1306_set_pixel
                0x100005c4       0x5c CMakeFiles/Microphone_DMA.dir/inc/ssd1306_i2c.c.obj
                0x100005c4                ssd1306_set_pixel
 .text.ssd1306_draw_char
                0x10000620       0x70 CMakeFiles/Microphone_DMA.dir/inc/ssd1306_i2c.c.obj
                0x10000620                ssd1306_draw_char
 .text.ssd1306_draw_string
                0x10000690       0x2c CMakeFiles/Microphone_DMA.dir/inc/ssd1306_i2c.c.obj
                0x10000690                ssd1306_draw_string
 .text.gpio_set_function
                0x100006bc       0x30 CMakeFiles/Microphone_DMA.dir/C_/Users/fe/.pico-sdk/sdk/1.5.1/src/rp2_common/hardware_gpio/gpio.c.obj
                0x100006bc                gpio_set_function
 .text.gpio_set_pulls
                0x100006ec       0x34 CMakeFiles/Microphone_DMA.dir/C_/Users/fe/.pico-sdk/sdk/1.5.1/src/rp2_common/hardware_gpio/gpio.c.obj
                0x100006ec                gpio_set_pulls
 .text.gpio_set_input_enabled
                0x10000720       0x30 CMakeFiles/Microphone_DMA.dir/C_/Users/fe/.pico-sdk/sdk/1.5.1/src/rp2_common/hardware_gpio/gpio.c.obj
                0x10000720                gpio_set_input_enabled
 .text.running_on_fpga
                0x10000750       0x14 CMakeFiles/Microphone_DMA.dir/C_/Users/fe/.pico-sdk/sdk/1.5.1/src/rp2_common/pico_platform/platform.c.obj
                0x10000750                running_on_fpga
 .text.hw_claim_lock
                0x10000764       0x18 CMakeFiles/Microphone_DMA.dir/C_/Users/fe/.pico-sdk/sdk/1.5.1/src/rp2_common/hardware_claim/claim.c.obj
                0x10000764                hw_claim_lock
 .text.hw_claim_unlock
                0x1000077c       0x14 CMakeFiles/Microphone_DMA.dir/C_/Users/fe/.pico-sdk/sdk/1.5.1/src/rp2_common/hardware_claim/claim.c.obj
                0x1000077c                hw_claim_unlock
 .text.hw_claim_or_assert
                0x10000790       0x32 CMakeFiles/Microphone_DMA.dir/C_/Users/fe/.pico-sdk/sdk/1.5.1/src/rp2_common/hardware_claim/claim.c.obj
                0x10000790                hw_claim_or_assert
 .text.hw_claim_unused_from_range
                0x100007c2       0x50 CMakeFiles/Microphone_DMA.dir/C_/Users/fe/.pico-sdk/sdk/1.5.1/src/rp2_common/hardware_claim/claim.c.obj
                0x100007c2                hw_claim_unused_from_range
 *fill*         0x10000812        0x2 
 .text.spin_locks_reset
                0x10000814       0x20 CMakeFiles/Microphone_DMA.dir/C_/Users/fe/.pico-sdk/sdk/1.5.1/src/rp2_common/hardware_sync/sync.c.obj
                0x10000814                spin_locks_reset
 .text.next_striped_spin_lock_num
                0x10000834       0x1c CMakeFiles/Microphone_DMA.dir/C_/Users/fe/.pico-sdk/sdk/1.5.1/src/rp2_common/hardware_sync/sync.c.obj
                0x10000834                next_striped_spin_lock_num
 .text.spin_lock_claim_unused
                0x10000850       0x24 CMakeFiles/Microphone_DMA.dir/C_/Users/fe/.pico-sdk/sdk/1.5.1/src/rp2_common/hardware_sync/sync.c.obj
                0x10000850                spin_lock_claim_unused
 .text.set_raw_irq_handler_and_unlock
                0x10000874       0x28 CMakeFiles/Microphone_DMA.dir/C_/Users/fe/.pico-sdk/sdk/1.5.1/src/rp2_common/hardware_irq/irq.c.obj
 .text.resolve_branch
                0x1000089c       0x30 CMakeFiles/Microphone_DMA.dir/C_/Users/fe/.pico-sdk/sdk/1.5.1/src/rp2_common/hardware_irq/irq.c.obj
 .text.make_branch
                0x100008cc       0x48 CMakeFiles/Microphone_DMA.dir/C_/Users/fe/.pico-sdk/sdk/1.5.1/src/rp2_common/hardware_irq/irq.c.obj
 .text.insert_branch_and_link
                0x10000914       0x40 CMakeFiles/Microphone_DMA.dir/C_/Users/fe/.pico-sdk/sdk/1.5.1/src/rp2_common/hardware_irq/irq.c.obj
 .text.irq_is_enabled
                0x10000954       0x18 CMakeFiles/Microphone_DMA.dir/C_/Users/fe/.pico-sdk/sdk/1.5.1/src/rp2_common/hardware_irq/irq.c.obj
                0x10000954                irq_is_enabled
 .text.irq_set_mask_enabled
                0x1000096c       0x20 CMakeFiles/Microphone_DMA.dir/C_/Users/fe/.pico-sdk/sdk/1.5.1/src/rp2_common/hardware_irq/irq.c.obj
                0x1000096c                irq_set_mask_enabled
 .text.irq_set_enabled
                0x1000098c        0xe CMakeFiles/Microphone_DMA.dir/C_/Users/fe/.pico-sdk/sdk/1.5.1/src/rp2_common/hardware_irq/irq.c.obj
                0x1000098c                irq_set_enabled
 *fill*         0x1000099a        0x2 
 .text.irq_set_pending
                0x1000099c       0x10 CMakeFiles/Microphone_DMA.dir/C_/Users/fe/.pico-sdk/sdk/1.5.1/src/rp2_common/hardware_irq/irq.c.obj
                0x1000099c                irq_set_pending
 .text.irq_get_vtable_handler
                0x100009ac       0x10 CMakeFiles/Microphone_DMA.dir/C_/Users/fe/.pico-sdk/sdk/1.5.1/src/rp2_common/hardware_irq/irq.c.obj
                0x100009ac                irq_get_vtable_handler
 .text.irq_has_shared_handler
                0x100009bc       0x24 CMakeFiles/Microphone_DMA.dir/C_/Users/fe/.pico-sdk/sdk/1.5.1/src/rp2_common/hardware_irq/irq.c.obj
                0x100009bc                irq_has_shared_handler
 .text.irq_set_exclusive_handler
                0x100009e0       0x54 CMakeFiles/Microphone_DMA.dir/C_/Users/fe/.pico-sdk/sdk/1.5.1/src/rp2_common/hardware_irq/irq.c.obj
                0x100009e0                irq_set_exclusive_handler
 .text.irq_add_shared_handler
                0x10000a34      0x210 CMakeFiles/Microphone_DMA.dir/C_/Users/fe/.pico-sdk/sdk/1.5.1/src/rp2_common/hardware_irq/irq.c.obj
                0x10000a34                irq_add_shared_handler
 .text.irq_remove_handler
                0x10000c44      0x188 CMakeFiles/Microphone_DMA.dir/C_/Users/fe/.pico-sdk/sdk/1.5.1/src/rp2_common/hardware_irq/irq.c.obj
                0x10000c44                irq_remove_handler
 .text.irq_add_tail_to_free_list
                0x10000dcc       0xf0 CMakeFiles/Microphone_DMA.dir/C_/Users/fe/.pico-sdk/sdk/1.5.1/src/rp2_common/hardware_irq/irq.c.obj
                0x10000dcc                irq_add_tail_to_free_list
 .text.irq_init_priorities
                0x10000ebc       0x1c CMakeFiles/Microphone_DMA.dir/C_/Users/fe/.pico-sdk/sdk/1.5.1/src/rp2_common/hardware_irq/irq.c.obj
                0x10000ebc                irq_init_priorities
 .text.user_irq_claim_unused
                0x10000ed8       0x2c CMakeFiles/Microphone_DMA.dir/C_/Users/fe/.pico-sdk/sdk/1.5.1/src/rp2_common/hardware_irq/irq.c.obj
                0x10000ed8                user_irq_claim_unused
 .text.lock_init
                0x10000f04       0x10 CMakeFiles/Microphone_DMA.dir/C_/Users/fe/.pico-sdk/sdk/1.5.1/src/common/pico_sync/lock_core.c.obj
                0x10000f04                lock_init
 .text.update_us_since_boot
                0x10000f14       0x24 CMakeFiles/Microphone_DMA.dir/C_/Users/fe/.pico-sdk/sdk/1.5.1/src/common/pico_sync/mutex.c.obj
 .text.delayed_by_ms
                0x10000f38       0x44 CMakeFiles/Microphone_DMA.dir/C_/Users/fe/.pico-sdk/sdk/1.5.1/src/common/pico_sync/mutex.c.obj
 .text.get_absolute_time
                0x10000f7c       0x22 CMakeFiles/Microphone_DMA.dir/C_/Users/fe/.pico-sdk/sdk/1.5.1/src/common/pico_sync/mutex.c.obj
 .text.make_timeout_time_ms
                0x10000f9e       0x20 CMakeFiles/Microphone_DMA.dir/C_/Users/fe/.pico-sdk/sdk/1.5.1/src/common/pico_sync/mutex.c.obj
 .text.mutex_init
                0x10000fbe       0x1a CMakeFiles/Microphone_DMA.dir/C_/Users/fe/.pico-sdk/sdk/1.5.1/src/common/pico_sync/mutex.c.obj
                0x10000fbe                mutex_init
 .text.recursive_mutex_init
                0x10000fd8       0x1e CMakeFiles/Microphone_DMA.dir/C_/Users/fe/.pico-sdk/sdk/1.5.1/src/common/pico_sync/mutex.c.obj
                0x10000fd8                recursive_mutex_init
 *fill*         0x10000ff6        0x2 
 .text.critical_section_init_with_lock_num
                0x10000ff8       0x14 CMakeFiles/Microphone_DMA.dir/C_/Users/fe/.pico-sdk/sdk/1.5.1/src/common/pico_sync/critical_section.c.obj
                0x10000ff8                critical_section_init_with_lock_num
 .text.critical_section_init
                0x1000100c       0x14 CMakeFiles/Microphone_DMA.dir/C_/Users/fe/.pico-sdk/sdk/1.5.1/src/common/pico_sync/critical_section.c.obj
                0x1000100c                critical_section_init
 .text.time_reached
                0x10001020       0x28 CMakeFiles/Microphone_DMA.dir/C_/Users/fe/.pico-sdk/sdk/1.5.1/src/common/pico_time/time.c.obj
 .text.get_entry
                0x10001048       0x38 CMakeFiles/Microphone_DMA.dir/C_/Users/fe/.pico-sdk/sdk/1.5.1/src/common/pico_time/time.c.obj
 .text.timer_pool_entry_comparator
                0x10001080       0x2e CMakeFiles/Microphone_DMA.dir/C_/Users/fe/.pico-sdk/sdk/1.5.1/src/common/pico_time/time.c.obj
                0x10001080                timer_pool_entry_comparator
 *fill*         0x100010ae        0x2 
 .text.update_us_since_boot
                0x100010b0       0x24 CMakeFiles/Microphone_DMA.dir/C_/Users/fe/.pico-sdk/sdk/1.5.1/src/common/pico_time/time.c.obj
 .text.delayed_by_us
                0x100010d4       0x34 CMakeFiles/Microphone_DMA.dir/C_/Users/fe/.pico-sdk/sdk/1.5.1/src/common/pico_time/time.c.obj
 .text.ph_get_node
                0x10001108       0x30 CMakeFiles/Microphone_DMA.dir/C_/Users/fe/.pico-sdk/sdk/1.5.1/src/common/pico_time/time.c.obj
 .text.ph_contains_node
                0x10001138       0x1e CMakeFiles/Microphone_DMA.dir/C_/Users/fe/.pico-sdk/sdk/1.5.1/src/common/pico_time/time.c.obj
 .text.ph_new_node
                0x10001156       0x28 CMakeFiles/Microphone_DMA.dir/C_/Users/fe/.pico-sdk/sdk/1.5.1/src/common/pico_time/time.c.obj
 *fill*         0x1000117e        0x2 
 .text.ph_add_child_node
                0x10001180       0x6c CMakeFiles/Microphone_DMA.dir/C_/Users/fe/.pico-sdk/sdk/1.5.1/src/common/pico_time/time.c.obj
 .text.ph_merge_nodes
                0x100011ec       0x3e CMakeFiles/Microphone_DMA.dir/C_/Users/fe/.pico-sdk/sdk/1.5.1/src/common/pico_time/time.c.obj
 *fill*         0x1000122a        0x2 
 .text.ph_insert_node
                0x1000122c       0x3c CMakeFiles/Microphone_DMA.dir/C_/Users/fe/.pico-sdk/sdk/1.5.1/src/common/pico_time/time.c.obj
 .text.ph_free_node
                0x10001268       0x5c CMakeFiles/Microphone_DMA.dir/C_/Users/fe/.pico-sdk/sdk/1.5.1/src/common/pico_time/time.c.obj
 .text.get_entry_id_high
                0x100012c4       0x30 CMakeFiles/Microphone_DMA.dir/C_/Users/fe/.pico-sdk/sdk/1.5.1/src/common/pico_time/time.c.obj
 .text.alarm_pool_post_alloc_init
                0x100012f4       0x40 CMakeFiles/Microphone_DMA.dir/C_/Users/fe/.pico-sdk/sdk/1.5.1/src/common/pico_time/time.c.obj
 .text.sleep_until_callback
                0x10001334       0x30 CMakeFiles/Microphone_DMA.dir/C_/Users/fe/.pico-sdk/sdk/1.5.1/src/common/pico_time/time.c.obj
 .text.get_absolute_time
                0x10001364       0x22 CMakeFiles/Microphone_DMA.dir/C_/Users/fe/.pico-sdk/sdk/1.5.1/src/common/pico_time/time.c.obj
 .text.make_timeout_time_us
                0x10001386       0x24 CMakeFiles/Microphone_DMA.dir/C_/Users/fe/.pico-sdk/sdk/1.5.1/src/common/pico_time/time.c.obj
 *fill*         0x100013aa        0x2 
 .text.add_alarm_under_lock
                0x100013ac       0x94 CMakeFiles/Microphone_DMA.dir/C_/Users/fe/.pico-sdk/sdk/1.5.1/src/common/pico_time/time.c.obj
 .text.alarm_pool_alarm_callback
                0x10001440      0x210 CMakeFiles/Microphone_DMA.dir/C_/Users/fe/.pico-sdk/sdk/1.5.1/src/common/pico_time/time.c.obj
 .text.alarm_pool_init_default
                0x10001650       0x40 CMakeFiles/Microphone_DMA.dir/C_/Users/fe/.pico-sdk/sdk/1.5.1/src/common/pico_time/time.c.obj
                0x10001650                alarm_pool_init_default
 .text.alarm_pool_get_default
                0x10001690       0x2c CMakeFiles/Microphone_DMA.dir/C_/Users/fe/.pico-sdk/sdk/1.5.1/src/common/pico_time/time.c.obj
                0x10001690                alarm_pool_get_default
 .text.alarm_pool_add_alarm_at
                0x100016bc      0x10e CMakeFiles/Microphone_DMA.dir/C_/Users/fe/.pico-sdk/sdk/1.5.1/src/common/pico_time/time.c.obj
                0x100016bc                alarm_pool_add_alarm_at
 .text.add_alarm_at
                0x100017ca       0x2e CMakeFiles/Microphone_DMA.dir/C_/Users/fe/.pico-sdk/sdk/1.5.1/src/common/pico_time/time.c.obj
 .text.alarm_pool_cancel_alarm
                0x100017f8       0xa8 CMakeFiles/Microphone_DMA.dir/C_/Users/fe/.pico-sdk/sdk/1.5.1/src/common/pico_time/time.c.obj
                0x100017f8                alarm_pool_cancel_alarm
 .text.cancel_alarm
                0x100018a0       0x10 CMakeFiles/Microphone_DMA.dir/C_/Users/fe/.pico-sdk/sdk/1.5.1/src/common/pico_time/time.c.obj
 .text.alarm_pool_core_num
                0x100018b0        0x4 CMakeFiles/Microphone_DMA.dir/C_/Users/fe/.pico-sdk/sdk/1.5.1/src/common/pico_time/time.c.obj
                0x100018b0                alarm_pool_core_num
 .text.sleep_until
                0x100018b4       0xb0 CMakeFiles/Microphone_DMA.dir/C_/Users/fe/.pico-sdk/sdk/1.5.1/src/common/pico_time/time.c.obj
                0x100018b4                sleep_until
 .text.sleep_us
                0x10001964       0x1a CMakeFiles/Microphone_DMA.dir/C_/Users/fe/.pico-sdk/sdk/1.5.1/src/common/pico_time/time.c.obj
                0x10001964                sleep_us
 .text.sleep_ms
                0x1000197e       0x14 CMakeFiles/Microphone_DMA.dir/C_/Users/fe/.pico-sdk/sdk/1.5.1/src/common/pico_time/time.c.obj
                0x1000197e                sleep_ms
 *fill*         0x10001992        0x2 
 .text.best_effort_wfe_or_timeout
                0x10001994       0x44 CMakeFiles/Microphone_DMA.dir/C_/Users/fe/.pico-sdk/sdk/1.5.1/src/common/pico_time/time.c.obj
                0x10001994                best_effort_wfe_or_timeout
 .text.update_us_since_boot
                0x100019d8       0x24 CMakeFiles/Microphone_DMA.dir/C_/Users/fe/.pico-sdk/sdk/1.5.1/src/rp2_common/hardware_timer/timer.c.obj
 .text.hardware_alarm_irq_handler
                0x100019fc       0x8c CMakeFiles/Microphone_DMA.dir/C_/Users/fe/.pico-sdk/sdk/1.5.1/src/rp2_common/hardware_timer/timer.c.obj
 .text.hardware_alarm_claim
                0x10001a88       0x18 CMakeFiles/Microphone_DMA.dir/C_/Users/fe/.pico-sdk/sdk/1.5.1/src/rp2_common/hardware_timer/timer.c.obj
                0x10001a88                hardware_alarm_claim
 .text.time_us_64
                0x10001aa0       0x18 CMakeFiles/Microphone_DMA.dir/C_/Users/fe/.pico-sdk/sdk/1.5.1/src/rp2_common/hardware_timer/timer.c.obj
                0x10001aa0                time_us_64
 .text.busy_wait_until
                0x10001ab8       0x28 CMakeFiles/Microphone_DMA.dir/C_/Users/fe/.pico-sdk/sdk/1.5.1/src/rp2_common/hardware_timer/timer.c.obj
                0x10001ab8                busy_wait_until
 .text.busy_wait_us
                0x10001ae0       0x3a CMakeFiles/Microphone_DMA.dir/C_/Users/fe/.pico-sdk/sdk/1.5.1/src/rp2_common/hardware_timer/timer.c.obj
                0x10001ae0                busy_wait_us
 *fill*         0x10001b1a        0x2 
 .text.hardware_alarm_set_callback
                0x10001b1c       0x90 CMakeFiles/Microphone_DMA.dir/C_/Users/fe/.pico-sdk/sdk/1.5.1/src/rp2_common/hardware_timer/timer.c.obj
                0x10001b1c                hardware_alarm_set_callback
 .text.hardware_alarm_set_target
                0x10001bac       0xe8 CMakeFiles/Microphone_DMA.dir/C_/Users/fe/.pico-sdk/sdk/1.5.1/src/rp2_common/hardware_timer/timer.c.obj
                0x10001bac                hardware_alarm_set_target
 .text.hardware_alarm_cancel
                0x10001c94       0x40 CMakeFiles/Microphone_DMA.dir/C_/Users/fe/.pico-sdk/sdk/1.5.1/src/rp2_common/hardware_timer/timer.c.obj
                0x10001c94                hardware_alarm_cancel
 .text.ph_get_node
                0x10001cd4       0x30 CMakeFiles/Microphone_DMA.dir/C_/Users/fe/.pico-sdk/sdk/1.5.1/src/common/pico_util/pheap.c.obj
 .text.ph_add_child_node
                0x10001d04       0x6c CMakeFiles/Microphone_DMA.dir/C_/Users/fe/.pico-sdk/sdk/1.5.1/src/common/pico_util/pheap.c.obj
 .text.ph_merge_nodes
                0x10001d70       0x3e CMakeFiles/Microphone_DMA.dir/C_/Users/fe/.pico-sdk/sdk/1.5.1/src/common/pico_util/pheap.c.obj
 .text.ph_clear
                0x10001dae       0x34 CMakeFiles/Microphone_DMA.dir/C_/Users/fe/.pico-sdk/sdk/1.5.1/src/common/pico_util/pheap.c.obj
                0x10001dae                ph_clear
 .text.ph_post_alloc_init
                0x10001de2        0xe CMakeFiles/Microphone_DMA.dir/C_/Users/fe/.pico-sdk/sdk/1.5.1/src/common/pico_util/pheap.c.obj
                0x10001de2                ph_post_alloc_init
 .text.ph_merge_two_pass
                0x10001df0       0x5c CMakeFiles/Microphone_DMA.dir/C_/Users/fe/.pico-sdk/sdk/1.5.1/src/common/pico_util/pheap.c.obj
                0x10001df0                ph_merge_two_pass
 .text.ph_remove_any_head
                0x10001e4c       0xc0 CMakeFiles/Microphone_DMA.dir/C_/Users/fe/.pico-sdk/sdk/1.5.1/src/common/pico_util/pheap.c.obj
 .text.ph_remove_head
                0x10001f0c       0x14 CMakeFiles/Microphone_DMA.dir/C_/Users/fe/.pico-sdk/sdk/1.5.1/src/common/pico_util/pheap.c.obj
                0x10001f0c                ph_remove_head
 .text.ph_remove_and_free_node
                0x10001f20       0xa0 CMakeFiles/Microphone_DMA.dir/C_/Users/fe/.pico-sdk/sdk/1.5.1/src/common/pico_util/pheap.c.obj
                0x10001f20                ph_remove_and_free_node
 .text.clock_configure
                0x10001fc0      0x108 CMakeFiles/Microphone_DMA.dir/C_/Users/fe/.pico-sdk/sdk/1.5.1/src/rp2_common/hardware_clocks/clocks.c.obj
                0x10001fc0                clock_configure
 .text.clocks_init
                0x100020c8      0x100 CMakeFiles/Microphone_DMA.dir/C_/Users/fe/.pico-sdk/sdk/1.5.1/src/rp2_common/hardware_clocks/clocks.c.obj
                0x100020c8                clocks_init
 .text.clock_get_hz
                0x100021c8        0xc CMakeFiles/Microphone_DMA.dir/C_/Users/fe/.pico-sdk/sdk/1.5.1/src/rp2_common/hardware_clocks/clocks.c.obj
                0x100021c8                clock_get_hz
 .text.pll_init
                0x100021d4      0x120 CMakeFiles/Microphone_DMA.dir/C_/Users/fe/.pico-sdk/sdk/1.5.1/src/rp2_common/hardware_pll/pll.c.obj
                0x100021d4                pll_init
 .text.watchdog_start_tick
                0x100022f4       0x10 CMakeFiles/Microphone_DMA.dir/C_/Users/fe/.pico-sdk/sdk/1.5.1/src/rp2_common/hardware_watchdog/watchdog.c.obj
                0x100022f4                watchdog_start_tick
 .text.watchdog_update
                0x10002304       0x14 CMakeFiles/Microphone_DMA.dir/C_/Users/fe/.pico-sdk/sdk/1.5.1/src/rp2_common/hardware_watchdog/watchdog.c.obj
                0x10002304                watchdog_update
 .text._watchdog_enable
                0x10002318       0x78 CMakeFiles/Microphone_DMA.dir/C_/Users/fe/.pico-sdk/sdk/1.5.1/src/rp2_common/hardware_watchdog/watchdog.c.obj
                0x10002318                _watchdog_enable
 .text.watchdog_reboot
                0x10002390       0x48 CMakeFiles/Microphone_DMA.dir/C_/Users/fe/.pico-sdk/sdk/1.5.1/src/rp2_common/hardware_watchdog/watchdog.c.obj
                0x10002390                watchdog_reboot
 .text.xosc_init
                0x100023d8       0x28 CMakeFiles/Microphone_DMA.dir/C_/Users/fe/.pico-sdk/sdk/1.5.1/src/rp2_common/hardware_xosc/xosc.c.obj
                0x100023d8                xosc_init
 .text._exit    0x10002400        0x4 CMakeFiles/Microphone_DMA.dir/C_/Users/fe/.pico-sdk/sdk/1.5.1/src/rp2_common/pico_runtime/runtime.c.obj
                0x10002400                _exit
 .text._sbrk    0x10002404       0x38 CMakeFiles/Microphone_DMA.dir/C_/Users/fe/.pico-sdk/sdk/1.5.1/src/rp2_common/pico_runtime/runtime.c.obj
                0x10002404                _sbrk
 .text.exit     0x1000243c        0x6 CMakeFiles/Microphone_DMA.dir/C_/Users/fe/.pico-sdk/sdk/1.5.1/src/rp2_common/pico_runtime/runtime.c.obj
                0x1000243c                exit
 *fill*         0x10002442        0x2 
 .text.__assert_func
                0x10002444       0x38 CMakeFiles/Microphone_DMA.dir/C_/Users/fe/.pico-sdk/sdk/1.5.1/src/rp2_common/pico_runtime/runtime.c.obj
                0x10002444                __assert_func
 .text.runtime_init
                0x1000247c       0xf8 CMakeFiles/Microphone_DMA.dir/C_/Users/fe/.pico-sdk/sdk/1.5.1/src/rp2_common/pico_runtime/runtime.c.obj
                0x1000247c                runtime_init
 .text.panic    0x10002574       0x30 CMakeFiles/Microphone_DMA.dir/C_/Users/fe/.pico-sdk/sdk/1.5.1/src/rp2_common/pico_runtime/runtime.c.obj
                0x10002574                panic
 .text._out_buffer
                0x100025a4        0x8 CMakeFiles/Microphone_DMA.dir/C_/Users/fe/.pico-sdk/sdk/1.5.1/src/rp2_common/pico_printf/printf.c.obj
 .text._out_null
                0x100025ac        0x2 CMakeFiles/Microphone_DMA.dir/C_/Users/fe/.pico-sdk/sdk/1.5.1/src/rp2_common/pico_printf/printf.c.obj
 .text._out_fct
                0x100025ae        0xe CMakeFiles/Microphone_DMA.dir/C_/Users/fe/.pico-sdk/sdk/1.5.1/src/rp2_common/pico_printf/printf.c.obj
 .text._atoi    0x100025bc       0x24 CMakeFiles/Microphone_DMA.dir/C_/Users/fe/.pico-sdk/sdk/1.5.1/src/rp2_common/pico_printf/printf.c.obj
 .text._out_rev
                0x100025e0       0xae CMakeFiles/Microphone_DMA.dir/C_/Users/fe/.pico-sdk/sdk/1.5.1/src/rp2_common/pico_printf/printf.c.obj
 .text._ntoa_format
                0x1000268e      0x110 CMakeFiles/Microphone_DMA.dir/C_/Users/fe/.pico-sdk/sdk/1.5.1/src/rp2_common/pico_printf/printf.c.obj
 .text._ntoa_long
                0x1000279e       0xbc CMakeFiles/Microphone_DMA.dir/C_/Users/fe/.pico-sdk/sdk/1.5.1/src/rp2_common/pico_printf/printf.c.obj
 .text._ntoa_long_long
                0x1000285a      0x10e CMakeFiles/Microphone_DMA.dir/C_/Users/fe/.pico-sdk/sdk/1.5.1/src/rp2_common/pico_printf/printf.c.obj
 .text._etoa    0x10002968      0x420 CMakeFiles/Microphone_DMA.dir/C_/Users/fe/.pico-sdk/sdk/1.5.1/src/rp2_common/pico_printf/printf.c.obj
 .text._ftoa    0x10002d88      0x354 CMakeFiles/Microphone_DMA.dir/C_/Users/fe/.pico-sdk/sdk/1.5.1/src/rp2_common/pico_printf/printf.c.obj
 .text._vsnprintf
                0x100030dc      0x668 CMakeFiles/Microphone_DMA.dir/C_/Users/fe/.pico-sdk/sdk/1.5.1/src/rp2_common/pico_printf/printf.c.obj
 .text.__wrap_snprintf
                0x10003744       0x28 CMakeFiles/Microphone_DMA.dir/C_/Users/fe/.pico-sdk/sdk/1.5.1/src/rp2_common/pico_printf/printf.c.obj
                0x10003744                __wrap_snprintf
 .text.vfctprintf
                0x1000376c       0x20 CMakeFiles/Microphone_DMA.dir/C_/Users/fe/.pico-sdk/sdk/1.5.1/src/rp2_common/pico_printf/printf.c.obj
                0x1000376c                vfctprintf
 .text          0x1000378c       0x10 CMakeFiles/Microphone_DMA.dir/C_/Users/fe/.pico-sdk/sdk/1.5.1/src/rp2_common/pico_bit_ops/bit_ops_aeabi.S.obj
 .text.rom_func_lookup
                0x1000379c       0x10 CMakeFiles/Microphone_DMA.dir/C_/Users/fe/.pico-sdk/sdk/1.5.1/src/rp2_common/pico_bootrom/bootrom.c.obj
                0x1000379c                rom_func_lookup
 .text.rom_data_lookup
                0x100037ac       0x10 CMakeFiles/Microphone_DMA.dir/C_/Users/fe/.pico-sdk/sdk/1.5.1/src/rp2_common/pico_bootrom/bootrom.c.obj
                0x100037ac                rom_data_lookup
 .text.rom_funcs_lookup
                0x100037bc       0x36 CMakeFiles/Microphone_DMA.dir/C_/Users/fe/.pico-sdk/sdk/1.5.1/src/rp2_common/pico_bootrom/bootrom.c.obj
                0x100037bc                rom_funcs_lookup
 *fill*         0x100037f2        0x2 
 .text.__wrap___aeabi_idiv
                0x100037f4       0x50 CMakeFiles/Microphone_DMA.dir/C_/Users/fe/.pico-sdk/sdk/1.5.1/src/rp2_common/pico_divider/divider.S.obj
                0x100037f4                __wrap___aeabi_idivmod
                0x100037f4                divmod_s32s32
                0x100037f4                div_s32s32
                0x100037f4                __wrap___aeabi_idiv
                0x100037fc                divmod_s32s32_unsafe
                0x10003828                divmod_s32s32_savestate
 .text.__wrap___aeabi_uidiv
                0x10003844       0x4c CMakeFiles/Microphone_DMA.dir/C_/Users/fe/.pico-sdk/sdk/1.5.1/src/rp2_common/pico_divider/divider.S.obj
                0x10003844                __wrap___aeabi_uidiv
                0x10003844                __wrap___aeabi_uidivmod
                0x10003844                div_u32u32
                0x10003844                divmod_u32u32
                0x1000384c                divmod_u32u32_unsafe
                0x10003874                divmod_u32u32_savestate
 .text.__wrap___aeabi_ldiv
                0x10003890      0x424 CMakeFiles/Microphone_DMA.dir/C_/Users/fe/.pico-sdk/sdk/1.5.1/src/rp2_common/pico_divider/divider.S.obj
                0x10003890                div_s64s64
                0x10003890                divmod_s64s64
                0x10003890                __wrap___aeabi_ldivmod
                0x100038c0                divmod_u64u64
                0x100038c0                div_u64u64
                0x100038c0                __wrap___aeabi_uldivmod
                0x100038d0                divmod_u64u64_savestate
                0x100038f0                divmod_s64s64_unsafe
                0x10003978                divmod_u64u64_unsafe
 .text.push_r8_r11
                0x10003cb4        0xc CMakeFiles/Microphone_DMA.dir/C_/Users/fe/.pico-sdk/sdk/1.5.1/src/rp2_common/pico_double/double_aeabi.S.obj
                0x10003cb4                push_r8_r11
 .text.pop_r8_r11
                0x10003cc0        0xc CMakeFiles/Microphone_DMA.dir/C_/Users/fe/.pico-sdk/sdk/1.5.1/src/rp2_common/pico_double/double_aeabi.S.obj
                0x10003cc0                pop_r8_r11
 .text.__wrap___aeabi_darithmetic
                0x10003ccc       0x80 CMakeFiles/Microphone_DMA.dir/C_/Users/fe/.pico-sdk/sdk/1.5.1/src/rp2_common/pico_double/double_aeabi.S.obj
                0x10003ccc                __wrap___aeabi_drsub
                0x10003cd2                __wrap___aeabi_dsub
                0x10003ce4                __wrap___aeabi_dadd
                0x10003cf6                __wrap___aeabi_ddiv
                0x10003d32                __wrap___aeabi_dmul
 .text.__wrap___aeabi_cdcmple
                0x10003d4c       0x6c CMakeFiles/Microphone_DMA.dir/C_/Users/fe/.pico-sdk/sdk/1.5.1/src/rp2_common/pico_double/double_aeabi.S.obj
                0x10003d4c                __wrap___aeabi_cdrcmple
                0x10003d5c                __wrap___aeabi_cdcmpeq
                0x10003d5c                __wrap___aeabi_cdcmple
 .text.__wrap___aeabi_dcmplt
                0x10003db8        0xc CMakeFiles/Microphone_DMA.dir/C_/Users/fe/.pico-sdk/sdk/1.5.1/src/rp2_common/pico_double/double_aeabi.S.obj
                0x10003db8                __wrap___aeabi_dcmplt
 .text.__wrap___aeabi_dcmple
                0x10003dc4       0x10 CMakeFiles/Microphone_DMA.dir/C_/Users/fe/.pico-sdk/sdk/1.5.1/src/rp2_common/pico_double/double_aeabi.S.obj
                0x10003dc4                __wrap___aeabi_dcmple
 .text.__wrap___aeabi_dcmpge
                0x10003dd4       0x10 CMakeFiles/Microphone_DMA.dir/C_/Users/fe/.pico-sdk/sdk/1.5.1/src/rp2_common/pico_double/double_aeabi.S.obj
                0x10003dd4                __wrap___aeabi_dcmpge
 .text.__wrap___aeabi_dcmpgt
                0x10003de4        0xa CMakeFiles/Microphone_DMA.dir/C_/Users/fe/.pico-sdk/sdk/1.5.1/src/rp2_common/pico_double/double_aeabi.S.obj
                0x10003de4                __wrap___aeabi_dcmpgt
 .text.__wrap___aeabi_dcmpun
                0x10003dee       0x1c CMakeFiles/Microphone_DMA.dir/C_/Users/fe/.pico-sdk/sdk/1.5.1/src/rp2_common/pico_double/double_aeabi.S.obj
                0x10003dee                __wrap___aeabi_dcmpun
 *fill*         0x10003e0a        0x2 
 .text.__wrap___aeabi_i2d
                0x10003e0c       0x38 CMakeFiles/Microphone_DMA.dir/C_/Users/fe/.pico-sdk/sdk/1.5.1/src/rp2_common/pico_double/double_aeabi.S.obj
                0x10003e0c                __wrap___aeabi_ui2d
                0x10003e14                __wrap___aeabi_i2d
 .text.__wrap___aeabi_d2iz
                0x10003e44       0x48 CMakeFiles/Microphone_DMA.dir/C_/Users/fe/.pico-sdk/sdk/1.5.1/src/rp2_common/pico_double/double_aeabi.S.obj
                0x10003e44                double2int_z
                0x10003e44                __wrap___aeabi_d2iz
 .text.__wrap___aeabi_d2uiz
                0x10003e8c       0x18 CMakeFiles/Microphone_DMA.dir/C_/Users/fe/.pico-sdk/sdk/1.5.1/src/rp2_common/pico_double/double_aeabi.S.obj
                0x10003e8c                __wrap___aeabi_d2uiz
                0x10003e8c                double2uint
 .text.fix642double
                0x10003ea4       0x18 CMakeFiles/Microphone_DMA.dir/C_/Users/fe/.pico-sdk/sdk/1.5.1/src/rp2_common/pico_double/double_aeabi.S.obj
                0x10003ea4                fix642double
 .text.__wrap___aeabi_d2f
                0x10003ebc       0x18 CMakeFiles/Microphone_DMA.dir/C_/Users/fe/.pico-sdk/sdk/1.5.1/src/rp2_common/pico_double/double_aeabi.S.obj
                0x10003ebc                __wrap___aeabi_d2f
 .text.__wrap_srqt
                0x10003ed4       0x18 CMakeFiles/Microphone_DMA.dir/C_/Users/fe/.pico-sdk/sdk/1.5.1/src/rp2_common/pico_double/double_aeabi.S.obj
                0x10003ed4                __wrap_sqrt
 .text.__wrap_sincostan_remainder
                0x10003eec       0x14 CMakeFiles/Microphone_DMA.dir/C_/Users/fe/.pico-sdk/sdk/1.5.1/src/rp2_common/pico_double/double_aeabi.S.obj
                0x10003eec                sincostan_remainder
 .text.__wrap_cos
                0x10003f00       0x2c CMakeFiles/Microphone_DMA.dir/C_/Users/fe/.pico-sdk/sdk/1.5.1/src/rp2_common/pico_double/double_aeabi.S.obj
                0x10003f00                __wrap_cos
 .text.__wrap_sin
                0x10003f2c       0x2c CMakeFiles/Microphone_DMA.dir/C_/Users/fe/.pico-sdk/sdk/1.5.1/src/rp2_common/pico_double/double_aeabi.S.obj
                0x10003f2c                __wrap_sin
 .text.__aeabi_double_init
                0x10003f58       0xcc CMakeFiles/Microphone_DMA.dir/C_/Users/fe/.pico-sdk/sdk/1.5.1/src/rp2_common/pico_double/double_init_rom.c.obj
                0x10003f58                __aeabi_double_init
 .text.drem_0   0x10004024      0x122 CMakeFiles/Microphone_DMA.dir/C_/Users/fe/.pico-sdk/sdk/1.5.1/src/rp2_common/pico_double/double_math.c.obj
 *fill*         0x10004146        0x2 
 .text.__wrap_floor
                0x10004148       0x98 CMakeFiles/Microphone_DMA.dir/C_/Users/fe/.pico-sdk/sdk/1.5.1/src/rp2_common/pico_double/double_math.c.obj
                0x10004148                __wrap_floor
 .text.__wrap_remquo
                0x100041e0      0x164 CMakeFiles/Microphone_DMA.dir/C_/Users/fe/.pico-sdk/sdk/1.5.1/src/rp2_common/pico_double/double_math.c.obj
                0x100041e0                __wrap_remquo
 .text.__wrap_remainder
                0x10004344       0x10 CMakeFiles/Microphone_DMA.dir/C_/Users/fe/.pico-sdk/sdk/1.5.1/src/rp2_common/pico_double/double_math.c.obj
                0x10004344                __wrap_remainder
 .text.double_table_shim_on_use_helper
                0x10004354       0x34 CMakeFiles/Microphone_DMA.dir/C_/Users/fe/.pico-sdk/sdk/1.5.1/src/rp2_common/pico_double/double_v1_rom_shim.S.obj
                0x10004354                double_table_shim_on_use_helper
 .text.__wrap___aeabi_dsub
                0x10004388       0x10 CMakeFiles/Microphone_DMA.dir/C_/Users/fe/.pico-sdk/sdk/1.5.1/src/rp2_common/pico_double/double_v1_rom_shim.S.obj
                0x10004388                drsub_shim
                0x1000438e                dsub_shim
 .text.dadd_shim
                0x10004398      0x15c CMakeFiles/Microphone_DMA.dir/C_/Users/fe/.pico-sdk/sdk/1.5.1/src/rp2_common/pico_double/double_v1_rom_shim.S.obj
                0x10004398                dadd_shim
 .text.dmul_shim
                0x100044f4      0x15c CMakeFiles/Microphone_DMA.dir/C_/Users/fe/.pico-sdk/sdk/1.5.1/src/rp2_common/pico_double/double_v1_rom_shim.S.obj
                0x100044f4                dmul_shim
 .text.ddiv_shim
                0x10004650      0x1b0 CMakeFiles/Microphone_DMA.dir/C_/Users/fe/.pico-sdk/sdk/1.5.1/src/rp2_common/pico_double/double_v1_rom_shim.S.obj
                0x10004650                ddiv_shim
 .text.dsqrt_shim
                0x10004800      0x1a8 CMakeFiles/Microphone_DMA.dir/C_/Users/fe/.pico-sdk/sdk/1.5.1/src/rp2_common/pico_double/double_v1_rom_shim.S.obj
                0x1000481c                dsqrt_shim
 .text.dcordic_vec_step
                0x100049a8        0xe CMakeFiles/Microphone_DMA.dir/C_/Users/fe/.pico-sdk/sdk/1.5.1/src/rp2_common/pico_double/double_v1_rom_shim.S.obj
                0x100049a8                dcordic_vec_step
 .text.dcordic_rot_step
                0x100049b6       0x76 CMakeFiles/Microphone_DMA.dir/C_/Users/fe/.pico-sdk/sdk/1.5.1/src/rp2_common/pico_double/double_v1_rom_shim.S.obj
                0x100049b6                dcordic_rot_step
 .text.double2uint_shim
                0x10004a2c        0xe CMakeFiles/Microphone_DMA.dir/C_/Users/fe/.pico-sdk/sdk/1.5.1/src/rp2_common/pico_double/double_v1_rom_shim.S.obj
                0x10004a2c                double2uint_shim
                0x10004a2e                double2ufix_shim
 .text.double2int64_shim
                0x10004a3a       0x1a CMakeFiles/Microphone_DMA.dir/C_/Users/fe/.pico-sdk/sdk/1.5.1/src/rp2_common/pico_double/double_v1_rom_shim.S.obj
                0x10004a3a                double2int64_shim
                0x10004a3c                double2fix64_shim
 .text.double2uint64_shim
                0x10004a54       0x70 CMakeFiles/Microphone_DMA.dir/C_/Users/fe/.pico-sdk/sdk/1.5.1/src/rp2_common/pico_double/double_v1_rom_shim.S.obj
                0x10004a54                double2uint64_shim
                0x10004a56                double2ufix64_shim
                0x10004a76                d2fix_a
 .text.double2float_shim
                0x10004ac4       0x5c CMakeFiles/Microphone_DMA.dir/C_/Users/fe/.pico-sdk/sdk/1.5.1/src/rp2_common/pico_double/double_v1_rom_shim.S.obj
                0x10004ac4                double2float_shim
 .text.x2double_shims
                0x10004b20       0x90 CMakeFiles/Microphone_DMA.dir/C_/Users/fe/.pico-sdk/sdk/1.5.1/src/rp2_common/pico_double/double_v1_rom_shim.S.obj
                0x10004b20                uint2double_shim
                0x10004b22                ufix2double_shim
                0x10004b28                int2double_shim
                0x10004b2a                fix2double_shim
                0x10004b30                uint642double_shim
                0x10004b32                ufix642double_shim
                0x10004b38                int642double_shim
                0x10004b3a                fix642double_shim
 .text.dunpacks
                0x10004bb0       0x3c CMakeFiles/Microphone_DMA.dir/C_/Users/fe/.pico-sdk/sdk/1.5.1/src/rp2_common/pico_double/double_v1_rom_shim.S.obj
                0x10004bb0                dunpacks
 .text.dreduce  0x10004bec       0x82 CMakeFiles/Microphone_DMA.dir/C_/Users/fe/.pico-sdk/sdk/1.5.1/src/rp2_common/pico_double/double_v1_rom_shim.S.obj
                0x10004bec                dreduce
 .text.dcos_shim
                0x10004c6e       0x10 CMakeFiles/Microphone_DMA.dir/C_/Users/fe/.pico-sdk/sdk/1.5.1/src/rp2_common/pico_double/double_v1_rom_shim.S.obj
                0x10004c6e                dcos_shim
 .text.dsin_shim
                0x10004c7e       0x14 CMakeFiles/Microphone_DMA.dir/C_/Users/fe/.pico-sdk/sdk/1.5.1/src/rp2_common/pico_double/double_v1_rom_shim.S.obj
                0x10004c7e                dsin_shim
 *fill*         0x10004c92        0x2 
 .text.dtrig_guts
                0x10004c94      0x2ec CMakeFiles/Microphone_DMA.dir/C_/Users/fe/.pico-sdk/sdk/1.5.1/src/rp2_common/pico_double/double_v1_rom_shim.S.obj
                0x10004d6c                datan2_shim
 .text.__aeabi_lmul
                0x10004f80       0x32 CMakeFiles/Microphone_DMA.dir/C_/Users/fe/.pico-sdk/sdk/1.5.1/src/rp2_common/pico_int64_ops/pico_int64_ops_aeabi.S.obj
                0x10004f80                __wrap___aeabi_lmul
 *fill*         0x10004fb2        0x2 
 .text.__wrap___aeabi_farithmetic
                0x10004fb4       0x58 CMakeFiles/Microphone_DMA.dir/C_/Users/fe/.pico-sdk/sdk/1.5.1/src/rp2_common/pico_float/float_aeabi.S.obj
                0x10004fb4                __wrap___aeabi_frsub
                0x10004fba                __wrap___aeabi_fsub
                0x10004fc4                __wrap___aeabi_fadd
                0x10004fce                __wrap___aeabi_fdiv
                0x10004ffa                __wrap___aeabi_fmul
 .text.__wrap___aeabi_cfcmple
                0x1000500c       0x50 CMakeFiles/Microphone_DMA.dir/C_/Users/fe/.pico-sdk/sdk/1.5.1/src/rp2_common/pico_float/float_aeabi.S.obj
                0x1000500c                __wrap___aeabi_cfrcmple
                0x10005018                __wrap___aeabi_cfcmple
                0x10005018                __wrap___aeabi_cfcmpeq
 .text.__wrap___aeabi_fcmple
                0x1000505c       0x10 CMakeFiles/Microphone_DMA.dir/C_/Users/fe/.pico-sdk/sdk/1.5.1/src/rp2_common/pico_float/float_aeabi.S.obj
                0x1000505c                __wrap___aeabi_fcmple
 .text.__wrap___aeabi_fcmpge
                0x1000506c       0x10 CMakeFiles/Microphone_DMA.dir/C_/Users/fe/.pico-sdk/sdk/1.5.1/src/rp2_common/pico_float/float_aeabi.S.obj
                0x1000506c                __wrap___aeabi_fcmpge
 .text.__wrap___aeabi_ui2f
                0x1000507c        0xa CMakeFiles/Microphone_DMA.dir/C_/Users/fe/.pico-sdk/sdk/1.5.1/src/rp2_common/pico_float/float_aeabi.S.obj
                0x1000507c                __wrap___aeabi_ui2f
 *fill*         0x10005086        0x2 
 .text.__wrap___aeabi_i2f
                0x10005088       0x44 CMakeFiles/Microphone_DMA.dir/C_/Users/fe/.pico-sdk/sdk/1.5.1/src/rp2_common/pico_float/float_aeabi.S.obj
                0x10005088                __wrap___aeabi_i2f
 .text.__wrap___aeabi_f2iz
                0x100050cc       0x4e CMakeFiles/Microphone_DMA.dir/C_/Users/fe/.pico-sdk/sdk/1.5.1/src/rp2_common/pico_float/float_aeabi.S.obj
                0x100050cc                float2int_z
                0x100050cc                __wrap___aeabi_f2iz
 *fill*         0x1000511a        0x2 
 .text.float2int
                0x1000511c       0x14 CMakeFiles/Microphone_DMA.dir/C_/Users/fe/.pico-sdk/sdk/1.5.1/src/rp2_common/pico_float/float_aeabi.S.obj
                0x1000511c                float2int
 .text.__wrap___aeabi_f2uiz
                0x10005130       0x10 CMakeFiles/Microphone_DMA.dir/C_/Users/fe/.pico-sdk/sdk/1.5.1/src/rp2_common/pico_float/float_aeabi.S.obj
                0x10005130                __wrap___aeabi_f2uiz
 .text.__wrap___aeabi_f2d
                0x10005140       0x14 CMakeFiles/Microphone_DMA.dir/C_/Users/fe/.pico-sdk/sdk/1.5.1/src/rp2_common/pico_float/float_aeabi.S.obj
                0x10005140                __wrap___aeabi_f2d
 .text.__wrap_sqrtf
                0x10005154       0x24 CMakeFiles/Microphone_DMA.dir/C_/Users/fe/.pico-sdk/sdk/1.5.1/src/rp2_common/pico_float/float_aeabi.S.obj
                0x10005154                __wrap_sqrtf
 .text.__aeabi_float_init
                0x10005178       0xfc CMakeFiles/Microphone_DMA.dir/C_/Users/fe/.pico-sdk/sdk/1.5.1/src/rp2_common/pico_float/float_init_rom.c.obj
                0x10005178                __aeabi_float_init
 .text.float_table_shim_on_use_helper
                0x10005274       0x34 CMakeFiles/Microphone_DMA.dir/C_/Users/fe/.pico-sdk/sdk/1.5.1/src/rp2_common/pico_float/float_v1_rom_shim.S.obj
                0x10005274                float_table_shim_on_use_helper
 .text.float232_shims
                0x100052a8       0x18 CMakeFiles/Microphone_DMA.dir/C_/Users/fe/.pico-sdk/sdk/1.5.1/src/rp2_common/pico_float/float_v1_rom_shim.S.obj
                0x100052a8                float2int_shim
                0x100052aa                float2fix_shim
 .text.float2double_shim
                0x100052c0       0x30 CMakeFiles/Microphone_DMA.dir/C_/Users/fe/.pico-sdk/sdk/1.5.1/src/rp2_common/pico_float/float_v1_rom_shim.S.obj
                0x100052c0                float2double_shim
 .text.check_alloc
                0x100052f0       0x20 CMakeFiles/Microphone_DMA.dir/C_/Users/fe/.pico-sdk/sdk/1.5.1/src/rp2_common/pico_malloc/pico_malloc.c.obj
 .text.__wrap_malloc
                0x10005310       0x14 CMakeFiles/Microphone_DMA.dir/C_/Users/fe/.pico-sdk/sdk/1.5.1/src/rp2_common/pico_malloc/pico_malloc.c.obj
                0x10005310                __wrap_malloc
 .text.__wrap_free
                0x10005324        0x8 CMakeFiles/Microphone_DMA.dir/C_/Users/fe/.pico-sdk/sdk/1.5.1/src/rp2_common/pico_malloc/pico_malloc.c.obj
                0x10005324                __wrap_free
 .text          0x1000532c       0x10 CMakeFiles/Microphone_DMA.dir/C_/Users/fe/.pico-sdk/sdk/1.5.1/src/rp2_common/pico_mem_ops/mem_ops_aeabi.S.obj
                0x1000532c                __aeabi_mem_init
 .text.memset   0x1000533c        0xc CMakeFiles/Microphone_DMA.dir/C_/Users/fe/.pico-sdk/sdk/1.5.1/src/rp2_common/pico_mem_ops/mem_ops_aeabi.S.obj
                0x1000533c                __wrap_memset
 .text.memcpy   0x10005348        0xc CMakeFiles/Microphone_DMA.dir/C_/Users/fe/.pico-sdk/sdk/1.5.1/src/rp2_common/pico_mem_ops/mem_ops_aeabi.S.obj
                0x10005348                __wrap_memcpy
                0x10005348                __wrap___aeabi_memcpy
 .text.time_reached
                0x10005354       0x28 CMakeFiles/Microphone_DMA.dir/C_/Users/fe/.pico-sdk/sdk/1.5.1/src/rp2_common/pico_stdio/stdio.c.obj
 .text.stdio_out_chars_no_crlf
                0x1000537c        0xe CMakeFiles/Microphone_DMA.dir/C_/Users/fe/.pico-sdk/sdk/1.5.1/src/rp2_common/pico_stdio/stdio.c.obj
 *fill*         0x1000538a        0x2 
 .text.stdio_out_chars_crlf
                0x1000538c       0x80 CMakeFiles/Microphone_DMA.dir/C_/Users/fe/.pico-sdk/sdk/1.5.1/src/rp2_common/pico_stdio/stdio.c.obj
 .text.stdio_stack_buffer_flush
                0x1000540c       0x44 CMakeFiles/Microphone_DMA.dir/C_/Users/fe/.pico-sdk/sdk/1.5.1/src/rp2_common/pico_stdio/stdio.c.obj
 .text.stdio_buffered_printer
                0x10005450       0x20 CMakeFiles/Microphone_DMA.dir/C_/Users/fe/.pico-sdk/sdk/1.5.1/src/rp2_common/pico_stdio/stdio.c.obj
 .text.update_us_since_boot
                0x10005470       0x24 CMakeFiles/Microphone_DMA.dir/C_/Users/fe/.pico-sdk/sdk/1.5.1/src/rp2_common/pico_stdio/stdio.c.obj
 .text.get_absolute_time
                0x10005494       0x22 CMakeFiles/Microphone_DMA.dir/C_/Users/fe/.pico-sdk/sdk/1.5.1/src/rp2_common/pico_stdio/stdio.c.obj
 *fill*         0x100054b6        0x2 
 .text.delayed_by_ms
                0x100054b8       0x44 CMakeFiles/Microphone_DMA.dir/C_/Users/fe/.pico-sdk/sdk/1.5.1/src/rp2_common/pico_stdio/stdio.c.obj
 .text.make_timeout_time_ms
                0x100054fc       0x20 CMakeFiles/Microphone_DMA.dir/C_/Users/fe/.pico-sdk/sdk/1.5.1/src/rp2_common/pico_stdio/stdio.c.obj
 .text.stdio_get_until
                0x1000551c       0x64 CMakeFiles/Microphone_DMA.dir/C_/Users/fe/.pico-sdk/sdk/1.5.1/src/rp2_common/pico_stdio/stdio.c.obj
 .text.stdout_serialize_begin
                0x10005580       0x20 CMakeFiles/Microphone_DMA.dir/C_/Users/fe/.pico-sdk/sdk/1.5.1/src/rp2_common/pico_stdio/stdio.c.obj
                0x10005580                stdout_serialize_begin
 .text.stdout_serialize_end
                0x100055a0       0x10 CMakeFiles/Microphone_DMA.dir/C_/Users/fe/.pico-sdk/sdk/1.5.1/src/rp2_common/pico_stdio/stdio.c.obj
                0x100055a0                stdout_serialize_end
 .text.stdio_put_string
                0x100055b0       0x98 CMakeFiles/Microphone_DMA.dir/C_/Users/fe/.pico-sdk/sdk/1.5.1/src/rp2_common/pico_stdio/stdio.c.obj
 .text.__wrap_putchar
                0x10005648       0x1c CMakeFiles/Microphone_DMA.dir/C_/Users/fe/.pico-sdk/sdk/1.5.1/src/rp2_common/pico_stdio/stdio.c.obj
                0x10005648                __wrap_putchar
 .text._read    0x10005664       0x24 CMakeFiles/Microphone_DMA.dir/C_/Users/fe/.pico-sdk/sdk/1.5.1/src/rp2_common/pico_stdio/stdio.c.obj
                0x10005664                _read
 .text._write   0x10005688       0x22 CMakeFiles/Microphone_DMA.dir/C_/Users/fe/.pico-sdk/sdk/1.5.1/src/rp2_common/pico_stdio/stdio.c.obj
                0x10005688                _write
 .text._close   0x100056aa        0x6 CMakeFiles/Microphone_DMA.dir/C_/Users/fe/.pico-sdk/sdk/1.5.1/src/rp2_common/pico_stdio/stdio.c.obj
                0x100056aa                _close
 .text._lseek   0x100056b0        0x6 CMakeFiles/Microphone_DMA.dir/C_/Users/fe/.pico-sdk/sdk/1.5.1/src/rp2_common/pico_stdio/stdio.c.obj
                0x100056b0                _lseek
 .text._fstat   0x100056b6        0x6 CMakeFiles/Microphone_DMA.dir/C_/Users/fe/.pico-sdk/sdk/1.5.1/src/rp2_common/pico_stdio/stdio.c.obj
                0x100056b6                _fstat
 .text._isatty  0x100056bc        0xc CMakeFiles/Microphone_DMA.dir/C_/Users/fe/.pico-sdk/sdk/1.5.1/src/rp2_common/pico_stdio/stdio.c.obj
                0x100056bc                _isatty
 .text.stdio_set_driver_enabled
                0x100056c8       0x2c CMakeFiles/Microphone_DMA.dir/C_/Users/fe/.pico-sdk/sdk/1.5.1/src/rp2_common/pico_stdio/stdio.c.obj
                0x100056c8                stdio_set_driver_enabled
 .text.stdio_flush
                0x100056f4       0x20 CMakeFiles/Microphone_DMA.dir/C_/Users/fe/.pico-sdk/sdk/1.5.1/src/rp2_common/pico_stdio/stdio.c.obj
                0x100056f4                stdio_flush
 .text.__wrap_puts
                0x10005714       0x1e CMakeFiles/Microphone_DMA.dir/C_/Users/fe/.pico-sdk/sdk/1.5.1/src/rp2_common/pico_stdio/stdio.c.obj
                0x10005714                __wrap_puts
 *fill*         0x10005732        0x2 
 .text.__wrap_vprintf
                0x10005734       0x40 CMakeFiles/Microphone_DMA.dir/C_/Users/fe/.pico-sdk/sdk/1.5.1/src/rp2_common/pico_stdio/stdio.c.obj
                0x10005734                __wrap_vprintf
 .text.__wrap_printf
                0x10005774       0x18 CMakeFiles/Microphone_DMA.dir/C_/Users/fe/.pico-sdk/sdk/1.5.1/src/rp2_common/pico_stdio/stdio.c.obj
                0x10005774                __wrap_printf
 .text.stdio_init_all
                0x1000578c        0x8 CMakeFiles/Microphone_DMA.dir/C_/Users/fe/.pico-sdk/sdk/1.5.1/src/rp2_common/pico_stdio/stdio.c.obj
                0x1000578c                stdio_init_all
 .text.resetd_init
                0x10005794        0x2 CMakeFiles/Microphone_DMA.dir/C_/Users/fe/.pico-sdk/sdk/1.5.1/src/rp2_common/pico_stdio_usb/reset_interface.c.obj
 *fill*         0x10005796        0x2 
 .text.resetd_reset
                0x10005798        0xc CMakeFiles/Microphone_DMA.dir/C_/Users/fe/.pico-sdk/sdk/1.5.1/src/rp2_common/pico_stdio_usb/reset_interface.c.obj
 .text.resetd_open
                0x100057a4       0x34 CMakeFiles/Microphone_DMA.dir/C_/Users/fe/.pico-sdk/sdk/1.5.1/src/rp2_common/pico_stdio_usb/reset_interface.c.obj
 .text.resetd_xfer_cb
                0x100057d8        0x4 CMakeFiles/Microphone_DMA.dir/C_/Users/fe/.pico-sdk/sdk/1.5.1/src/rp2_common/pico_stdio_usb/reset_interface.c.obj
 .text.reset_usb_boot
                0x100057dc       0x18 CMakeFiles/Microphone_DMA.dir/C_/Users/fe/.pico-sdk/sdk/1.5.1/src/rp2_common/pico_stdio_usb/reset_interface.c.obj
 .text.resetd_control_xfer_cb
                0x100057f4       0x5c CMakeFiles/Microphone_DMA.dir/C_/Users/fe/.pico-sdk/sdk/1.5.1/src/rp2_common/pico_stdio_usb/reset_interface.c.obj
 .text.usbd_app_driver_get_cb
                0x10005850        0xc CMakeFiles/Microphone_DMA.dir/C_/Users/fe/.pico-sdk/sdk/1.5.1/src/rp2_common/pico_stdio_usb/reset_interface.c.obj
                0x10005850                usbd_app_driver_get_cb
 .text.tud_cdc_line_coding_cb
                0x1000585c       0x28 CMakeFiles/Microphone_DMA.dir/C_/Users/fe/.pico-sdk/sdk/1.5.1/src/rp2_common/pico_stdio_usb/reset_interface.c.obj
                0x1000585c                tud_cdc_line_coding_cb
 .text.stdio_usb_set_chars_available_callback
                0x10005884       0x14 CMakeFiles/Microphone_DMA.dir/C_/Users/fe/.pico-sdk/sdk/1.5.1/src/rp2_common/pico_stdio_usb/stdio_usb.c.obj
                0x10005884                stdio_usb_set_chars_available_callback
 .text.update_us_since_boot
                0x10005898       0x24 CMakeFiles/Microphone_DMA.dir/C_/Users/fe/.pico-sdk/sdk/1.5.1/src/rp2_common/pico_stdio_usb/stdio_usb.c.obj
 .text.get_absolute_time
                0x100058bc       0x22 CMakeFiles/Microphone_DMA.dir/C_/Users/fe/.pico-sdk/sdk/1.5.1/src/rp2_common/pico_stdio_usb/stdio_usb.c.obj
 *fill*         0x100058de        0x2 
 .text.delayed_by_ms
                0x100058e0       0x44 CMakeFiles/Microphone_DMA.dir/C_/Users/fe/.pico-sdk/sdk/1.5.1/src/rp2_common/pico_stdio_usb/stdio_usb.c.obj
 .text.make_timeout_time_ms
                0x10005924       0x20 CMakeFiles/Microphone_DMA.dir/C_/Users/fe/.pico-sdk/sdk/1.5.1/src/rp2_common/pico_stdio_usb/stdio_usb.c.obj
 .text.delayed_by_us
                0x10005944       0x34 CMakeFiles/Microphone_DMA.dir/C_/Users/fe/.pico-sdk/sdk/1.5.1/src/rp2_common/pico_stdio_usb/stdio_usb.c.obj
 .text.usb_irq  0x10005978       0x10 CMakeFiles/Microphone_DMA.dir/C_/Users/fe/.pico-sdk/sdk/1.5.1/src/rp2_common/pico_stdio_usb/stdio_usb.c.obj
 .text.critical_section_enter_blocking
                0x10005988       0x16 CMakeFiles/Microphone_DMA.dir/C_/Users/fe/.pico-sdk/sdk/1.5.1/src/rp2_common/pico_stdio_usb/stdio_usb.c.obj
 *fill*         0x1000599e        0x2 
 .text.timer_task
                0x100059a0       0x4c CMakeFiles/Microphone_DMA.dir/C_/Users/fe/.pico-sdk/sdk/1.5.1/src/rp2_common/pico_stdio_usb/stdio_usb.c.obj
 .text.alarm_pool_add_alarm_in_us
                0x100059ec       0x3a CMakeFiles/Microphone_DMA.dir/C_/Users/fe/.pico-sdk/sdk/1.5.1/src/rp2_common/pico_stdio_usb/stdio_usb.c.obj
 .text.add_alarm_in_us
                0x10005a26       0x2e CMakeFiles/Microphone_DMA.dir/C_/Users/fe/.pico-sdk/sdk/1.5.1/src/rp2_common/pico_stdio_usb/stdio_usb.c.obj
 .text.low_priority_worker_irq
                0x10005a54       0x7c CMakeFiles/Microphone_DMA.dir/C_/Users/fe/.pico-sdk/sdk/1.5.1/src/rp2_common/pico_stdio_usb/stdio_usb.c.obj
 .text.tud_cdc_rx_cb
                0x10005ad0       0x20 CMakeFiles/Microphone_DMA.dir/C_/Users/fe/.pico-sdk/sdk/1.5.1/src/rp2_common/pico_stdio_usb/stdio_usb.c.obj
                0x10005ad0                tud_cdc_rx_cb
 .text.stdio_usb_init
                0x10005af0       0xd0 CMakeFiles/Microphone_DMA.dir/C_/Users/fe/.pico-sdk/sdk/1.5.1/src/rp2_common/pico_stdio_usb/stdio_usb.c.obj
                0x10005af0                stdio_usb_init
 .text.stdio_usb_connected
                0x10005bc0        0xa CMakeFiles/Microphone_DMA.dir/C_/Users/fe/.pico-sdk/sdk/1.5.1/src/rp2_common/pico_stdio_usb/stdio_usb.c.obj
                0x10005bc0                stdio_usb_connected
 *fill*         0x10005bca        0x2 
 .text.stdio_usb_in_chars
                0x10005bcc       0x88 CMakeFiles/Microphone_DMA.dir/C_/Users/fe/.pico-sdk/sdk/1.5.1/src/rp2_common/pico_stdio_usb/stdio_usb.c.obj
                0x10005bcc                stdio_usb_in_chars
 .text.stdio_usb_out_chars
                0x10005c54       0xd8 CMakeFiles/Microphone_DMA.dir/C_/Users/fe/.pico-sdk/sdk/1.5.1/src/rp2_common/pico_stdio_usb/stdio_usb.c.obj
 .text.tud_descriptor_device_cb
                0x10005d2c        0x8 CMakeFiles/Microphone_DMA.dir/C_/Users/fe/.pico-sdk/sdk/1.5.1/src/rp2_common/pico_stdio_usb/stdio_usb_descriptors.c.obj
                0x10005d2c                tud_descriptor_device_cb
 .text.tud_descriptor_configuration_cb
                0x10005d34        0x8 CMakeFiles/Microphone_DMA.dir/C_/Users/fe/.pico-sdk/sdk/1.5.1/src/rp2_common/pico_stdio_usb/stdio_usb_descriptors.c.obj
                0x10005d34                tud_descriptor_configuration_cb
 .text.tud_descriptor_string_cb
                0x10005d3c       0x6c CMakeFiles/Microphone_DMA.dir/C_/Users/fe/.pico-sdk/sdk/1.5.1/src/rp2_common/pico_stdio_usb/stdio_usb_descriptors.c.obj
                0x10005d3c                tud_descriptor_string_cb
 .text._retrieve_unique_id_on_boot
                0x10005da8       0x10 CMakeFiles/Microphone_DMA.dir/C_/Users/fe/.pico-sdk/sdk/1.5.1/src/rp2_common/pico_unique_id/unique_id.c.obj
 .text.pico_get_unique_board_id_string
                0x10005db8       0x5c CMakeFiles/Microphone_DMA.dir/C_/Users/fe/.pico-sdk/sdk/1.5.1/src/rp2_common/pico_unique_id/unique_id.c.obj
                0x10005db8                pico_get_unique_board_id_string
 .text.flash_get_unique_id
                0x10005e14       0x40 CMakeFiles/Microphone_DMA.dir/C_/Users/fe/.pico-sdk/sdk/1.5.1/src/rp2_common/hardware_flash/flash.c.obj
                0x10005e14                flash_get_unique_id
 .text.hw_endpoint_get_by_addr
                0x10005e54       0x18 CMakeFiles/Microphone_DMA.dir/C_/Users/fe/.pico-sdk/sdk/1.5.1/lib/tinyusb/src/portable/raspberrypi/rp2040/dcd_rp2040.c.obj
 .text._hw_endpoint_alloc
                0x10005e6c       0x70 CMakeFiles/Microphone_DMA.dir/C_/Users/fe/.pico-sdk/sdk/1.5.1/lib/tinyusb/src/portable/raspberrypi/rp2040/dcd_rp2040.c.obj
 .text.hw_endpoint_init
                0x10005edc       0x88 CMakeFiles/Microphone_DMA.dir/C_/Users/fe/.pico-sdk/sdk/1.5.1/lib/tinyusb/src/portable/raspberrypi/rp2040/dcd_rp2040.c.obj
 .text.dcd_event_sof
                0x10005f64       0x2c CMakeFiles/Microphone_DMA.dir/C_/Users/fe/.pico-sdk/sdk/1.5.1/lib/tinyusb/src/portable/raspberrypi/rp2040/dcd_rp2040.c.obj
 .text.hw_endpoint_xfer
                0x10005f90       0x14 CMakeFiles/Microphone_DMA.dir/C_/Users/fe/.pico-sdk/sdk/1.5.1/lib/tinyusb/src/portable/raspberrypi/rp2040/dcd_rp2040.c.obj
 .text.dcd_int_enable
                0x10005fa4       0x2c CMakeFiles/Microphone_DMA.dir/C_/Users/fe/.pico-sdk/sdk/1.5.1/lib/tinyusb/src/portable/raspberrypi/rp2040/dcd_rp2040.c.obj
                0x10005fa4                dcd_int_enable
 .text.dcd_set_address
                0x10005fd0       0x2c CMakeFiles/Microphone_DMA.dir/C_/Users/fe/.pico-sdk/sdk/1.5.1/lib/tinyusb/src/portable/raspberrypi/rp2040/dcd_rp2040.c.obj
                0x10005fd0                dcd_set_address
 .text.dcd_connect
                0x10005ffc       0x10 CMakeFiles/Microphone_DMA.dir/C_/Users/fe/.pico-sdk/sdk/1.5.1/lib/tinyusb/src/portable/raspberrypi/rp2040/dcd_rp2040.c.obj
                0x10005ffc                dcd_connect
 .text.dcd_init
                0x1000600c       0x80 CMakeFiles/Microphone_DMA.dir/C_/Users/fe/.pico-sdk/sdk/1.5.1/lib/tinyusb/src/portable/raspberrypi/rp2040/dcd_rp2040.c.obj
                0x1000600c                dcd_init
 .text.dcd_edpt0_status_complete
                0x1000608c       0x1c CMakeFiles/Microphone_DMA.dir/C_/Users/fe/.pico-sdk/sdk/1.5.1/lib/tinyusb/src/portable/raspberrypi/rp2040/dcd_rp2040.c.obj
                0x1000608c                dcd_edpt0_status_complete
 .text.dcd_edpt_open
                0x100060a8       0x40 CMakeFiles/Microphone_DMA.dir/C_/Users/fe/.pico-sdk/sdk/1.5.1/lib/tinyusb/src/portable/raspberrypi/rp2040/dcd_rp2040.c.obj
                0x100060a8                dcd_edpt_open
 .text.dcd_edpt_close_all
                0x100060e8        0x8 CMakeFiles/Microphone_DMA.dir/C_/Users/fe/.pico-sdk/sdk/1.5.1/lib/tinyusb/src/portable/raspberrypi/rp2040/dcd_rp2040.c.obj
                0x100060e8                dcd_edpt_close_all
 .text.dcd_edpt_xfer
                0x100060f0       0x34 CMakeFiles/Microphone_DMA.dir/C_/Users/fe/.pico-sdk/sdk/1.5.1/lib/tinyusb/src/portable/raspberrypi/rp2040/dcd_rp2040.c.obj
                0x100060f0                dcd_edpt_xfer
 .text.dcd_edpt_stall
                0x10006124       0x2c CMakeFiles/Microphone_DMA.dir/C_/Users/fe/.pico-sdk/sdk/1.5.1/lib/tinyusb/src/portable/raspberrypi/rp2040/dcd_rp2040.c.obj
                0x10006124                dcd_edpt_stall
 .text.dcd_edpt_clear_stall
                0x10006150       0x20 CMakeFiles/Microphone_DMA.dir/C_/Users/fe/.pico-sdk/sdk/1.5.1/lib/tinyusb/src/portable/raspberrypi/rp2040/dcd_rp2040.c.obj
                0x10006150                dcd_edpt_clear_stall
 .text.rp2040_usb_init
                0x10006170       0x4c CMakeFiles/Microphone_DMA.dir/C_/Users/fe/.pico-sdk/sdk/1.5.1/lib/tinyusb/src/portable/raspberrypi/rp2040/rp2040_usb.c.obj
                0x10006170                rp2040_usb_init
 .text.hw_endpoint_xfer_start
                0x100061bc       0x50 CMakeFiles/Microphone_DMA.dir/C_/Users/fe/.pico-sdk/sdk/1.5.1/lib/tinyusb/src/portable/raspberrypi/rp2040/rp2040_usb.c.obj
                0x100061bc                hw_endpoint_xfer_start
 .text.configuration_reset
                0x1000620c       0x84 CMakeFiles/Microphone_DMA.dir/C_/Users/fe/.pico-sdk/sdk/1.5.1/lib/tinyusb/src/device/usbd.c.obj
 .text.critical_section_enter_blocking
                0x10006290       0x16 CMakeFiles/Microphone_DMA.dir/C_/Users/fe/.pico-sdk/sdk/1.5.1/lib/tinyusb/src/device/usbd.c.obj
 .text.usbd_reset
                0x100062a6        0xc CMakeFiles/Microphone_DMA.dir/C_/Users/fe/.pico-sdk/sdk/1.5.1/lib/tinyusb/src/device/usbd.c.obj
 .text.invoke_class_control
                0x100062b2       0x1a CMakeFiles/Microphone_DMA.dir/C_/Users/fe/.pico-sdk/sdk/1.5.1/lib/tinyusb/src/device/usbd.c.obj
 .text.process_set_config
                0x100062cc      0x178 CMakeFiles/Microphone_DMA.dir/C_/Users/fe/.pico-sdk/sdk/1.5.1/lib/tinyusb/src/device/usbd.c.obj
 .text.process_get_descriptor
                0x10006444       0xdc CMakeFiles/Microphone_DMA.dir/C_/Users/fe/.pico-sdk/sdk/1.5.1/lib/tinyusb/src/device/usbd.c.obj
 .text.tud_mounted
                0x10006520       0x10 CMakeFiles/Microphone_DMA.dir/C_/Users/fe/.pico-sdk/sdk/1.5.1/lib/tinyusb/src/device/usbd.c.obj
                0x10006520                tud_mounted
 .text.tud_suspended
                0x10006530       0x10 CMakeFiles/Microphone_DMA.dir/C_/Users/fe/.pico-sdk/sdk/1.5.1/lib/tinyusb/src/device/usbd.c.obj
                0x10006530                tud_suspended
 .text.tud_inited
                0x10006540       0x14 CMakeFiles/Microphone_DMA.dir/C_/Users/fe/.pico-sdk/sdk/1.5.1/lib/tinyusb/src/device/usbd.c.obj
                0x10006540                tud_inited
 .text.tud_init
                0x10006554       0xcc CMakeFiles/Microphone_DMA.dir/C_/Users/fe/.pico-sdk/sdk/1.5.1/lib/tinyusb/src/device/usbd.c.obj
                0x10006554                tud_init
 .text.usbd_defer_func
                0x10006620       0x2a CMakeFiles/Microphone_DMA.dir/C_/Users/fe/.pico-sdk/sdk/1.5.1/lib/tinyusb/src/device/usbd.c.obj
                0x10006620                usbd_defer_func
 *fill*         0x1000664a        0x2 
 .text.usbd_edpt_open
                0x1000664c       0x34 CMakeFiles/Microphone_DMA.dir/C_/Users/fe/.pico-sdk/sdk/1.5.1/lib/tinyusb/src/device/usbd.c.obj
                0x1000664c                usbd_edpt_open
 .text.usbd_open_edpt_pair
                0x10006680       0x62 CMakeFiles/Microphone_DMA.dir/C_/Users/fe/.pico-sdk/sdk/1.5.1/lib/tinyusb/src/device/usbd.c.obj
                0x10006680                usbd_open_edpt_pair
 *fill*         0x100066e2        0x2 
 .text.usbd_edpt_claim
                0x100066e4       0x28 CMakeFiles/Microphone_DMA.dir/C_/Users/fe/.pico-sdk/sdk/1.5.1/lib/tinyusb/src/device/usbd.c.obj
                0x100066e4                usbd_edpt_claim
 .text.usbd_edpt_release
                0x1000670c       0x28 CMakeFiles/Microphone_DMA.dir/C_/Users/fe/.pico-sdk/sdk/1.5.1/lib/tinyusb/src/device/usbd.c.obj
                0x1000670c                usbd_edpt_release
 .text.usbd_edpt_xfer
                0x10006734       0x78 CMakeFiles/Microphone_DMA.dir/C_/Users/fe/.pico-sdk/sdk/1.5.1/lib/tinyusb/src/device/usbd.c.obj
                0x10006734                usbd_edpt_xfer
 .text.usbd_edpt_stall
                0x100067ac       0x48 CMakeFiles/Microphone_DMA.dir/C_/Users/fe/.pico-sdk/sdk/1.5.1/lib/tinyusb/src/device/usbd.c.obj
                0x100067ac                usbd_edpt_stall
 .text.usbd_edpt_clear_stall
                0x100067f4       0x48 CMakeFiles/Microphone_DMA.dir/C_/Users/fe/.pico-sdk/sdk/1.5.1/lib/tinyusb/src/device/usbd.c.obj
                0x100067f4                usbd_edpt_clear_stall
 .text.usbd_edpt_stalled
                0x1000683c       0x1c CMakeFiles/Microphone_DMA.dir/C_/Users/fe/.pico-sdk/sdk/1.5.1/lib/tinyusb/src/device/usbd.c.obj
                0x1000683c                usbd_edpt_stalled
 .text.process_control_request
                0x10006858      0x374 CMakeFiles/Microphone_DMA.dir/C_/Users/fe/.pico-sdk/sdk/1.5.1/lib/tinyusb/src/device/usbd.c.obj
 .text.tud_task_ext
                0x10006bcc      0x1a8 CMakeFiles/Microphone_DMA.dir/C_/Users/fe/.pico-sdk/sdk/1.5.1/lib/tinyusb/src/device/usbd.c.obj
                0x10006bcc                tud_task_ext
 .text._status_stage_xact
                0x10006d74       0x1a CMakeFiles/Microphone_DMA.dir/C_/Users/fe/.pico-sdk/sdk/1.5.1/lib/tinyusb/src/device/usbd_control.c.obj
 *fill*         0x10006d8e        0x2 
 .text._data_stage_xact
                0x10006d90       0x58 CMakeFiles/Microphone_DMA.dir/C_/Users/fe/.pico-sdk/sdk/1.5.1/lib/tinyusb/src/device/usbd_control.c.obj
 .text.tud_control_status
                0x10006de8       0x28 CMakeFiles/Microphone_DMA.dir/C_/Users/fe/.pico-sdk/sdk/1.5.1/lib/tinyusb/src/device/usbd_control.c.obj
                0x10006de8                tud_control_status
 .text.tud_control_xfer
                0x10006e10       0x68 CMakeFiles/Microphone_DMA.dir/C_/Users/fe/.pico-sdk/sdk/1.5.1/lib/tinyusb/src/device/usbd_control.c.obj
                0x10006e10                tud_control_xfer
 .text.usbd_control_reset
                0x10006e78       0x14 CMakeFiles/Microphone_DMA.dir/C_/Users/fe/.pico-sdk/sdk/1.5.1/lib/tinyusb/src/device/usbd_control.c.obj
                0x10006e78                usbd_control_reset
 .text.usbd_control_set_complete_callback
                0x10006e8c        0xc CMakeFiles/Microphone_DMA.dir/C_/Users/fe/.pico-sdk/sdk/1.5.1/lib/tinyusb/src/device/usbd_control.c.obj
                0x10006e8c                usbd_control_set_complete_callback
 .text.usbd_control_set_request
                0x10006e98       0x1c CMakeFiles/Microphone_DMA.dir/C_/Users/fe/.pico-sdk/sdk/1.5.1/lib/tinyusb/src/device/usbd_control.c.obj
                0x10006e98                usbd_control_set_request
 .text.usbd_control_xfer_cb
                0x10006eb4       0xbc CMakeFiles/Microphone_DMA.dir/C_/Users/fe/.pico-sdk/sdk/1.5.1/lib/tinyusb/src/device/usbd_control.c.obj
                0x10006eb4                usbd_control_xfer_cb
 .text._prep_out_transaction
                0x10006f70       0x4a CMakeFiles/Microphone_DMA.dir/C_/Users/fe/.pico-sdk/sdk/1.5.1/lib/tinyusb/src/class/cdc/cdc_device.c.obj
 *fill*         0x10006fba        0x2 
 .text.tud_cdc_n_connected
                0x10006fbc       0x38 CMakeFiles/Microphone_DMA.dir/C_/Users/fe/.pico-sdk/sdk/1.5.1/lib/tinyusb/src/class/cdc/cdc_device.c.obj
                0x10006fbc                tud_cdc_n_connected
 .text.tud_cdc_n_available
                0x10006ff4       0x18 CMakeFiles/Microphone_DMA.dir/C_/Users/fe/.pico-sdk/sdk/1.5.1/lib/tinyusb/src/class/cdc/cdc_device.c.obj
                0x10006ff4                tud_cdc_n_available
 .text.tud_cdc_n_read
                0x1000700c       0x28 CMakeFiles/Microphone_DMA.dir/C_/Users/fe/.pico-sdk/sdk/1.5.1/lib/tinyusb/src/class/cdc/cdc_device.c.obj
                0x1000700c                tud_cdc_n_read
 .text.tud_cdc_n_write_flush
                0x10007034       0xb8 CMakeFiles/Microphone_DMA.dir/C_/Users/fe/.pico-sdk/sdk/1.5.1/lib/tinyusb/src/class/cdc/cdc_device.c.obj
                0x10007034                tud_cdc_n_write_flush
 .text.tud_cdc_n_write
                0x100070ec       0x38 CMakeFiles/Microphone_DMA.dir/C_/Users/fe/.pico-sdk/sdk/1.5.1/lib/tinyusb/src/class/cdc/cdc_device.c.obj
                0x100070ec                tud_cdc_n_write
 .text.tud_cdc_n_write_available
                0x10007124       0x1c CMakeFiles/Microphone_DMA.dir/C_/Users/fe/.pico-sdk/sdk/1.5.1/lib/tinyusb/src/class/cdc/cdc_device.c.obj
                0x10007124                tud_cdc_n_write_available
 .text.cdcd_init
                0x10007140       0xbc CMakeFiles/Microphone_DMA.dir/C_/Users/fe/.pico-sdk/sdk/1.5.1/lib/tinyusb/src/class/cdc/cdc_device.c.obj
                0x10007140                cdcd_init
 .text.cdcd_reset
                0x100071fc       0x44 CMakeFiles/Microphone_DMA.dir/C_/Users/fe/.pico-sdk/sdk/1.5.1/lib/tinyusb/src/class/cdc/cdc_device.c.obj
                0x100071fc                cdcd_reset
 .text.cdcd_open
                0x10007240       0xc4 CMakeFiles/Microphone_DMA.dir/C_/Users/fe/.pico-sdk/sdk/1.5.1/lib/tinyusb/src/class/cdc/cdc_device.c.obj
                0x10007240                cdcd_open
 .text.cdcd_control_xfer_cb
                0x10007304      0x134 CMakeFiles/Microphone_DMA.dir/C_/Users/fe/.pico-sdk/sdk/1.5.1/lib/tinyusb/src/class/cdc/cdc_device.c.obj
                0x10007304                cdcd_control_xfer_cb
 .text.cdcd_xfer_cb
                0x10007438      0x130 CMakeFiles/Microphone_DMA.dir/C_/Users/fe/.pico-sdk/sdk/1.5.1/lib/tinyusb/src/class/cdc/cdc_device.c.obj
                0x10007438                cdcd_xfer_cb
 .text.tusb_init
                0x10007568        0xa CMakeFiles/Microphone_DMA.dir/C_/Users/fe/.pico-sdk/sdk/1.5.1/lib/tinyusb/src/tusb.c.obj
                0x10007568                tusb_init
 .text.tusb_inited
                0x10007572        0xe CMakeFiles/Microphone_DMA.dir/C_/Users/fe/.pico-sdk/sdk/1.5.1/lib/tinyusb/src/tusb.c.obj
                0x10007572                tusb_inited
 .text.tu_edpt_claim
                0x10007580       0x50 CMakeFiles/Microphone_DMA.dir/C_/Users/fe/.pico-sdk/sdk/1.5.1/lib/tinyusb/src/tusb.c.obj
                0x10007580                tu_edpt_claim
 .text.tu_edpt_release
                0x100075d0       0x38 CMakeFiles/Microphone_DMA.dir/C_/Users/fe/.pico-sdk/sdk/1.5.1/lib/tinyusb/src/tusb.c.obj
                0x100075d0                tu_edpt_release
 .text.tu_edpt_validate
                0x10007608       0x78 CMakeFiles/Microphone_DMA.dir/C_/Users/fe/.pico-sdk/sdk/1.5.1/lib/tinyusb/src/tusb.c.obj
                0x10007608                tu_edpt_validate
 .text.tu_edpt_bind_driver
                0x10007680       0x26 CMakeFiles/Microphone_DMA.dir/C_/Users/fe/.pico-sdk/sdk/1.5.1/lib/tinyusb/src/tusb.c.obj
                0x10007680                tu_edpt_bind_driver
 .text.advance_index
                0x100076a6       0x1a CMakeFiles/Microphone_DMA.dir/C_/Users/fe/.pico-sdk/sdk/1.5.1/lib/tinyusb/src/common/tusb_fifo.c.obj
 .text._tu_fifo_peek
                0x100076c0       0x56 CMakeFiles/Microphone_DMA.dir/C_/Users/fe/.pico-sdk/sdk/1.5.1/lib/tinyusb/src/common/tusb_fifo.c.obj
 .text._ff_pull_const_addr
                0x10007716       0x4c CMakeFiles/Microphone_DMA.dir/C_/Users/fe/.pico-sdk/sdk/1.5.1/lib/tinyusb/src/common/tusb_fifo.c.obj
 .text._ff_pull_n
                0x10007762      0x110 CMakeFiles/Microphone_DMA.dir/C_/Users/fe/.pico-sdk/sdk/1.5.1/lib/tinyusb/src/common/tusb_fifo.c.obj
 .text._tu_fifo_peek_n
                0x10007872       0x6a CMakeFiles/Microphone_DMA.dir/C_/Users/fe/.pico-sdk/sdk/1.5.1/lib/tinyusb/src/common/tusb_fifo.c.obj
 .text._tu_fifo_read_n
                0x100078dc       0x4e CMakeFiles/Microphone_DMA.dir/C_/Users/fe/.pico-sdk/sdk/1.5.1/lib/tinyusb/src/common/tusb_fifo.c.obj
 .text._ff_push_const_addr
                0x1000792a       0x40 CMakeFiles/Microphone_DMA.dir/C_/Users/fe/.pico-sdk/sdk/1.5.1/lib/tinyusb/src/common/tusb_fifo.c.obj
 .text._ff_push_n
                0x1000796a      0x10c CMakeFiles/Microphone_DMA.dir/C_/Users/fe/.pico-sdk/sdk/1.5.1/lib/tinyusb/src/common/tusb_fifo.c.obj
 .text._tu_fifo_write_n
                0x10007a76       0xf0 CMakeFiles/Microphone_DMA.dir/C_/Users/fe/.pico-sdk/sdk/1.5.1/lib/tinyusb/src/common/tusb_fifo.c.obj
 .text.tu_fifo_config
                0x10007b66       0x7c CMakeFiles/Microphone_DMA.dir/C_/Users/fe/.pico-sdk/sdk/1.5.1/lib/tinyusb/src/common/tusb_fifo.c.obj
                0x10007b66                tu_fifo_config
 .text.tu_fifo_count
                0x10007be2       0x2a CMakeFiles/Microphone_DMA.dir/C_/Users/fe/.pico-sdk/sdk/1.5.1/lib/tinyusb/src/common/tusb_fifo.c.obj
                0x10007be2                tu_fifo_count
 .text.tu_fifo_empty
                0x10007c0c        0xe CMakeFiles/Microphone_DMA.dir/C_/Users/fe/.pico-sdk/sdk/1.5.1/lib/tinyusb/src/common/tusb_fifo.c.obj
                0x10007c0c                tu_fifo_empty
 .text.tu_fifo_full
                0x10007c1a       0x28 CMakeFiles/Microphone_DMA.dir/C_/Users/fe/.pico-sdk/sdk/1.5.1/lib/tinyusb/src/common/tusb_fifo.c.obj
                0x10007c1a                tu_fifo_full
 .text.tu_fifo_remaining
                0x10007c42       0x2c CMakeFiles/Microphone_DMA.dir/C_/Users/fe/.pico-sdk/sdk/1.5.1/lib/tinyusb/src/common/tusb_fifo.c.obj
                0x10007c42                tu_fifo_remaining
 .text.tu_fifo_read
                0x10007c6e       0x42 CMakeFiles/Microphone_DMA.dir/C_/Users/fe/.pico-sdk/sdk/1.5.1/lib/tinyusb/src/common/tusb_fifo.c.obj
                0x10007c6e                tu_fifo_read
 .text.tu_fifo_read_n
                0x10007cb0        0xa CMakeFiles/Microphone_DMA.dir/C_/Users/fe/.pico-sdk/sdk/1.5.1/lib/tinyusb/src/common/tusb_fifo.c.obj
                0x10007cb0                tu_fifo_read_n
 .text.tu_fifo_write
                0x10007cba       0x64 CMakeFiles/Microphone_DMA.dir/C_/Users/fe/.pico-sdk/sdk/1.5.1/lib/tinyusb/src/common/tusb_fifo.c.obj
                0x10007cba                tu_fifo_write
 .text.tu_fifo_write_n
                0x10007d1e        0xa CMakeFiles/Microphone_DMA.dir/C_/Users/fe/.pico-sdk/sdk/1.5.1/lib/tinyusb/src/common/tusb_fifo.c.obj
                0x10007d1e                tu_fifo_write_n
 .text.tu_fifo_clear
                0x10007d28       0x3e CMakeFiles/Microphone_DMA.dir/C_/Users/fe/.pico-sdk/sdk/1.5.1/lib/tinyusb/src/common/tusb_fifo.c.obj
                0x10007d28                tu_fifo_clear
 .text.tu_fifo_set_overwritable
                0x10007d66       0x46 CMakeFiles/Microphone_DMA.dir/C_/Users/fe/.pico-sdk/sdk/1.5.1/lib/tinyusb/src/common/tusb_fifo.c.obj
                0x10007d66                tu_fifo_set_overwritable
 .text.adc_fifo_drain
                0x10007dac       0x1c CMakeFiles/Microphone_DMA.dir/pico_fft/src/fft.c.obj
 .text.calculate_frequencies
                0x10007dc8       0x2c CMakeFiles/Microphone_DMA.dir/pico_fft/src/fft.c.obj
 .text.reset_bins
                0x10007df4       0x16 CMakeFiles/Microphone_DMA.dir/pico_fft/src/fft.c.obj
 .text.adc_gpio_init
                0x10007e0a       0x1e CMakeFiles/Microphone_DMA.dir/pico_fft/src/fft.c.obj
 .text.channel_config_set_chain_to
                0x10007e28       0x30 CMakeFiles/Microphone_DMA.dir/pico_fft/src/fft.c.obj
 .text.dma_channel_get_default_config
                0x10007e58       0x74 CMakeFiles/Microphone_DMA.dir/pico_fft/src/fft.c.obj
 .text.compute_bin_amplitudes
                0x10007ecc       0xb8 CMakeFiles/Microphone_DMA.dir/pico_fft/src/fft.c.obj
 .text.fft_setup
                0x10007f84       0xc4 CMakeFiles/Microphone_DMA.dir/pico_fft/src/fft.c.obj
                0x10007f84                fft_setup
 .text.fft_sample
                0x10008048       0x5c CMakeFiles/Microphone_DMA.dir/pico_fft/src/fft.c.obj
                0x10008048                fft_sample
 .text.fft_process
                0x100080a4       0xfc CMakeFiles/Microphone_DMA.dir/pico_fft/src/fft.c.obj
                0x100080a4                fft_process
 .text.kf_bfly2
                0x100081a0       0xb8 CMakeFiles/Microphone_DMA.dir/pico_fft/src/kiss_fft.c.obj
 .text.kf_bfly4
                0x10008258      0x262 CMakeFiles/Microphone_DMA.dir/pico_fft/src/kiss_fft.c.obj
 *fill*         0x100084ba        0x2 
 .text.kf_bfly3
                0x100084bc      0x1e8 CMakeFiles/Microphone_DMA.dir/pico_fft/src/kiss_fft.c.obj
 .text.kf_bfly5
                0x100086a4      0x42e CMakeFiles/Microphone_DMA.dir/pico_fft/src/kiss_fft.c.obj
 .text.kf_factor
                0x10008ad2       0x72 CMakeFiles/Microphone_DMA.dir/pico_fft/src/kiss_fft.c.obj
 .text.kf_bfly_generic
                0x10008b44      0x152 CMakeFiles/Microphone_DMA.dir/pico_fft/src/kiss_fft.c.obj
 .text.kf_work  0x10008c96       0xe0 CMakeFiles/Microphone_DMA.dir/pico_fft/src/kiss_fft.c.obj
 *fill*         0x10008d76        0x2 
 .text.kiss_fft_alloc
                0x10008d78       0xe0 CMakeFiles/Microphone_DMA.dir/pico_fft/src/kiss_fft.c.obj
                0x10008d78                kiss_fft_alloc
 .text.kiss_fft_stride
                0x10008e58       0x5e CMakeFiles/Microphone_DMA.dir/pico_fft/src/kiss_fft.c.obj
                0x10008e58                kiss_fft_stride
 .text.kiss_fft
                0x10008eb6        0xa CMakeFiles/Microphone_DMA.dir/pico_fft/src/kiss_fft.c.obj
                0x10008eb6                kiss_fft
 .text.kiss_fftr_alloc
                0x10008ec0      0x144 CMakeFiles/Microphone_DMA.dir/pico_fft/src/kiss_fftr.c.obj
                0x10008ec0                kiss_fftr_alloc
 .text.kiss_fftr
                0x10009004      0x1b4 CMakeFiles/Microphone_DMA.dir/pico_fft/src/kiss_fftr.c.obj
                0x10009004                kiss_fftr
 .text.adc_init
                0x100091b8       0x34 CMakeFiles/Microphone_DMA.dir/C_/Users/fe/.pico-sdk/sdk/1.5.1/src/rp2_common/hardware_adc/adc.c.obj
                0x100091b8                adc_init
 .text.dma_claim_unused_channel
                0x100091ec       0x24 CMakeFiles/Microphone_DMA.dir/C_/Users/fe/.pico-sdk/sdk/1.5.1/src/rp2_common/hardware_dma/dma.c.obj
                0x100091ec                dma_claim_unused_channel
 .text.i2c_write_blocking_internal
                0x10009210      0x146 CMakeFiles/Microphone_DMA.dir/C_/Users/fe/.pico-sdk/sdk/1.5.1/src/rp2_common/hardware_i2c/i2c.c.obj
 *fill*         0x10009356        0x2 
 .text.i2c_set_baudrate
                0x10009358       0xf0 CMakeFiles/Microphone_DMA.dir/C_/Users/fe/.pico-sdk/sdk/1.5.1/src/rp2_common/hardware_i2c/i2c.c.obj
                0x10009358                i2c_set_baudrate
 .text.i2c_init
                0x10009448       0x58 CMakeFiles/Microphone_DMA.dir/C_/Users/fe/.pico-sdk/sdk/1.5.1/src/rp2_common/hardware_i2c/i2c.c.obj
                0x10009448                i2c_init
 .text.i2c_write_blocking
                0x100094a0       0x18 CMakeFiles/Microphone_DMA.dir/C_/Users/fe/.pico-sdk/sdk/1.5.1/src/rp2_common/hardware_i2c/i2c.c.obj
                0x100094a0                i2c_write_blocking
 .text.malloc   0x100094b8       0x14 C:/Users/fe/.pico-sdk/toolchain/13_2_Rel1/bin/../lib/gcc/arm-none-eabi/13.2.1/thumb/v6-m/nofp\libg.a(libc_a-malloc.o)
                0x100094b8                malloc
 .text.free     0x100094cc       0x14 C:/Users/fe/.pico-sdk/toolchain/13_2_Rel1/bin/../lib/gcc/arm-none-eabi/13.2.1/thumb/v6-m/nofp\libg.a(libc_a-malloc.o)
                0x100094cc                free
 .text._malloc_r
                0x100094e0      0x5c4 C:/Users/fe/.pico-sdk/toolchain/13_2_Rel1/bin/../lib/gcc/arm-none-eabi/13.2.1/thumb/v6-m/nofp\libg.a(libc_a-mallocr.o)
                0x100094e0                _malloc_r
 .text.__malloc_lock
                0x10009aa4       0x10 C:/Users/fe/.pico-sdk/toolchain/13_2_Rel1/bin/../lib/gcc/arm-none-eabi/13.2.1/thumb/v6-m/nofp\libg.a(libc_a-mlock.o)
                0x10009aa4                __malloc_lock
 .text.__malloc_unlock
                0x10009ab4       0x10 C:/Users/fe/.pico-sdk/toolchain/13_2_Rel1/bin/../lib/gcc/arm-none-eabi/13.2.1/thumb/v6-m/nofp\libg.a(libc_a-mlock.o)
                0x10009ab4                __malloc_unlock
 .text._realloc_r
                0x10009ac4      0x350 C:/Users/fe/.pico-sdk/toolchain/13_2_Rel1/bin/../lib/gcc/arm-none-eabi/13.2.1/thumb/v6-m/nofp\libg.a(libc_a-reallocr.o)
                0x10009ac4                _realloc_r
 .text._fwrite_r
                0x10009e14       0xb0 C:/Users/fe/.pico-sdk/toolchain/13_2_Rel1/bin/../lib/gcc/arm-none-eabi/13.2.1/thumb/v6-m/nofp\libg.a(libc_a-fwrite.o)
                0x10009e14                _fwrite_r
 .text.fwrite   0x10009ec4       0x20 C:/Users/fe/.pico-sdk/toolchain/13_2_Rel1/bin/../lib/gcc/arm-none-eabi/13.2.1/thumb/v6-m/nofp\libg.a(libc_a-fwrite.o)
                0x10009ec4                fwrite
 .text.memmove  0x10009ee4       0xb0 C:/Users/fe/.pico-sdk/toolchain/13_2_Rel1/bin/../lib/gcc/arm-none-eabi/13.2.1/thumb/v6-m/nofp\libg.a(libc_a-memmove.o)
                0x10009ee4                memmove
 .text._sbrk_r  0x10009f94       0x24 C:/Users/fe/.pico-sdk/toolchain/13_2_Rel1/bin/../lib/gcc/arm-none-eabi/13.2.1/thumb/v6-m/nofp\libg.a(libc_a-sbrkr.o)
                0x10009f94                _sbrk_r
 .text.__errno  0x10009fb8        0xc C:/Users/fe/.pico-sdk/toolchain/13_2_Rel1/bin/../lib/gcc/arm-none-eabi/13.2.1/thumb/v6-m/nofp\libg.a(libc_a-errno.o)
                0x10009fb8                __errno
 .text.__retarget_lock_init_recursive
                0x10009fc4        0x4 C:/Users/fe/.pico-sdk/toolchain/13_2_Rel1/bin/../lib/gcc/arm-none-eabi/13.2.1/thumb/v6-m/nofp\libg.a(libc_a-lock.o)
                0x10009fc4                __retarget_lock_init_recursive
 .text.__retarget_lock_close_recursive
                0x10009fc8        0x4 C:/Users/fe/.pico-sdk/toolchain/13_2_Rel1/bin/../lib/gcc/arm-none-eabi/13.2.1/thumb/v6-m/nofp\libg.a(libc_a-lock.o)
                0x10009fc8                __retarget_lock_close_recursive
 .text.__retarget_lock_acquire_recursive
                0x10009fcc        0x4 C:/Users/fe/.pico-sdk/toolchain/13_2_Rel1/bin/../lib/gcc/arm-none-eabi/13.2.1/thumb/v6-m/nofp\libg.a(libc_a-lock.o)
                0x10009fcc                __retarget_lock_acquire_recursive
 .text.__retarget_lock_release_recursive
                0x10009fd0        0x4 C:/Users/fe/.pico-sdk/toolchain/13_2_Rel1/bin/../lib/gcc/arm-none-eabi/13.2.1/thumb/v6-m/nofp\libg.a(libc_a-lock.o)
                0x10009fd0                __retarget_lock_release_recursive
 .text.sysconf  0x10009fd4       0x1c C:/Users/fe/.pico-sdk/toolchain/13_2_Rel1/bin/../lib/gcc/arm-none-eabi/13.2.1/thumb/v6-m/nofp\libg.a(libc_a-sysconf.o)
                0x10009fd4                sysconf
 .text.strlen   0x10009ff0       0x5c C:/Users/fe/.pico-sdk/toolchain/13_2_Rel1/bin/../lib/gcc/arm-none-eabi/13.2.1/thumb/v6-m/nofp\libg.a(libc_a-strlen-stub.o)
                0x10009ff0                strlen
 .text._malloc_trim_r
                0x1000a04c       0xb4 C:/Users/fe/.pico-sdk/toolchain/13_2_Rel1/bin/../lib/gcc/arm-none-eabi/13.2.1/thumb/v6-m/nofp\libg.a(libc_a-freer.o)
                0x1000a04c                _malloc_trim_r
 .text._free_r  0x1000a100      0x1d4 C:/Users/fe/.pico-sdk/toolchain/13_2_Rel1/bin/../lib/gcc/arm-none-eabi/13.2.1/thumb/v6-m/nofp\libg.a(libc_a-freer.o)
                0x1000a100                _free_r
 .text.stdio_exit_handler
                0x1000a2d4       0x1c C:/Users/fe/.pico-sdk/toolchain/13_2_Rel1/bin/../lib/gcc/arm-none-eabi/13.2.1/thumb/v6-m/nofp\libg.a(libc_a-findfp.o)
 .text.cleanup_stdio
                0x1000a2f0       0x3c C:/Users/fe/.pico-sdk/toolchain/13_2_Rel1/bin/../lib/gcc/arm-none-eabi/13.2.1/thumb/v6-m/nofp\libg.a(libc_a-findfp.o)
 .text.global_stdio_init.part.0
                0x1000a32c      0x118 C:/Users/fe/.pico-sdk/toolchain/13_2_Rel1/bin/../lib/gcc/arm-none-eabi/13.2.1/thumb/v6-m/nofp\libg.a(libc_a-findfp.o)
 .text.__sinit  0x1000a444       0x38 C:/Users/fe/.pico-sdk/toolchain/13_2_Rel1/bin/../lib/gcc/arm-none-eabi/13.2.1/thumb/v6-m/nofp\libg.a(libc_a-findfp.o)
                0x1000a444                __sinit
 .text.__sfp_lock_acquire
                0x1000a47c       0x10 C:/Users/fe/.pico-sdk/toolchain/13_2_Rel1/bin/../lib/gcc/arm-none-eabi/13.2.1/thumb/v6-m/nofp\libg.a(libc_a-findfp.o)
                0x1000a47c                __sfp_lock_acquire
 .text.__sfp_lock_release
                0x1000a48c       0x10 C:/Users/fe/.pico-sdk/toolchain/13_2_Rel1/bin/../lib/gcc/arm-none-eabi/13.2.1/thumb/v6-m/nofp\libg.a(libc_a-findfp.o)
                0x1000a48c                __sfp_lock_release
 .text.__sfvwrite_r
                0x1000a49c      0x310 C:/Users/fe/.pico-sdk/toolchain/13_2_Rel1/bin/../lib/gcc/arm-none-eabi/13.2.1/thumb/v6-m/nofp\libg.a(libc_a-fvwrite.o)
                0x1000a49c                __sfvwrite_r
 .text._fwalk_sglue
                0x1000a7ac       0x44 C:/Users/fe/.pico-sdk/toolchain/13_2_Rel1/bin/../lib/gcc/arm-none-eabi/13.2.1/thumb/v6-m/nofp\libg.a(libc_a-fwalk.o)
                0x1000a7ac                _fwalk_sglue
 .text.__sread  0x1000a7f0       0x28 C:/Users/fe/.pico-sdk/toolchain/13_2_Rel1/bin/../lib/gcc/arm-none-eabi/13.2.1/thumb/v6-m/nofp\libg.a(libc_a-stdio.o)
                0x1000a7f0                __sread
 .text.__swrite
                0x1000a818       0x40 C:/Users/fe/.pico-sdk/toolchain/13_2_Rel1/bin/../lib/gcc/arm-none-eabi/13.2.1/thumb/v6-m/nofp\libg.a(libc_a-stdio.o)
                0x1000a818                __swrite
 .text.__sseek  0x1000a858       0x30 C:/Users/fe/.pico-sdk/toolchain/13_2_Rel1/bin/../lib/gcc/arm-none-eabi/13.2.1/thumb/v6-m/nofp\libg.a(libc_a-stdio.o)
                0x1000a858                __sseek
 .text.__sclose
                0x1000a888        0xc C:/Users/fe/.pico-sdk/toolchain/13_2_Rel1/bin/../lib/gcc/arm-none-eabi/13.2.1/thumb/v6-m/nofp\libg.a(libc_a-stdio.o)
                0x1000a888                __sclose
 .text.__swsetup_r
                0x1000a894       0xcc C:/Users/fe/.pico-sdk/toolchain/13_2_Rel1/bin/../lib/gcc/arm-none-eabi/13.2.1/thumb/v6-m/nofp\libg.a(libc_a-wsetup.o)
                0x1000a894                __swsetup_r
 .text._close_r
                0x1000a960       0x24 C:/Users/fe/.pico-sdk/toolchain/13_2_Rel1/bin/../lib/gcc/arm-none-eabi/13.2.1/thumb/v6-m/nofp\libg.a(libc_a-closer.o)
                0x1000a960                _close_r
 .text._lseek_r
                0x1000a984       0x28 C:/Users/fe/.pico-sdk/toolchain/13_2_Rel1/bin/../lib/gcc/arm-none-eabi/13.2.1/thumb/v6-m/nofp\libg.a(libc_a-lseekr.o)
                0x1000a984                _lseek_r
 .text._read_r  0x1000a9ac       0x28 C:/Users/fe/.pico-sdk/toolchain/13_2_Rel1/bin/../lib/gcc/arm-none-eabi/13.2.1/thumb/v6-m/nofp\libg.a(libc_a-readr.o)
                0x1000a9ac                _read_r
 .text._write_r
                0x1000a9d4       0x28 C:/Users/fe/.pico-sdk/toolchain/13_2_Rel1/bin/../lib/gcc/arm-none-eabi/13.2.1/thumb/v6-m/nofp\libg.a(libc_a-writer.o)
                0x1000a9d4                _write_r
 .text.memchr   0x1000a9fc       0x74 C:/Users/fe/.pico-sdk/toolchain/13_2_Rel1/bin/../lib/gcc/arm-none-eabi/13.2.1/thumb/v6-m/nofp\libg.a(libc_a-memchr-stub.o)
                0x1000a9fc                memchr
 .text._fclose_r
                0x1000aa70       0xd0 C:/Users/fe/.pico-sdk/toolchain/13_2_Rel1/bin/../lib/gcc/arm-none-eabi/13.2.1/thumb/v6-m/nofp\libg.a(libc_a-fclose.o)
                0x1000aa70                _fclose_r
 .text.__sflush_r
                0x1000ab40      0x148 C:/Users/fe/.pico-sdk/toolchain/13_2_Rel1/bin/../lib/gcc/arm-none-eabi/13.2.1/thumb/v6-m/nofp\libg.a(libc_a-fflush.o)
                0x1000ab40                __sflush_r
 .text._fflush_r
                0x1000ac88       0x68 C:/Users/fe/.pico-sdk/toolchain/13_2_Rel1/bin/../lib/gcc/arm-none-eabi/13.2.1/thumb/v6-m/nofp\libg.a(libc_a-fflush.o)
                0x1000ac88                _fflush_r
 .text.__smakebuf_r
                0x1000acf0       0xe0 C:/Users/fe/.pico-sdk/toolchain/13_2_Rel1/bin/../lib/gcc/arm-none-eabi/13.2.1/thumb/v6-m/nofp\libg.a(libc_a-makebuf.o)
                0x1000acf0                __smakebuf_r
 .text._fstat_r
                0x1000add0       0x28 C:/Users/fe/.pico-sdk/toolchain/13_2_Rel1/bin/../lib/gcc/arm-none-eabi/13.2.1/thumb/v6-m/nofp\libg.a(libc_a-fstatr.o)
                0x1000add0                _fstat_r
 .text._isatty_r
                0x1000adf8       0x24 C:/Users/fe/.pico-sdk/toolchain/13_2_Rel1/bin/../lib/gcc/arm-none-eabi/13.2.1/thumb/v6-m/nofp\libg.a(libc_a-isattyr.o)
                0x1000adf8                _isatty_r
 *(.fini)
 .fini          0x1000ae1c        0x4 C:/Users/fe/.pico-sdk/toolchain/13_2_Rel1/bin/../lib/gcc/arm-none-eabi/13.2.1/thumb/v6-m/nofp/crti.o
                0x1000ae1c                _fini
 .fini.__stub   0x1000ae20       0xe0 linker stubs
 *crtbegin.o(.ctors)
 *crtbegin?.o(.ctors)
 *(EXCLUDE_FILE(*crtend.o *crtend?.o) .ctors)
 *(SORT_BY_NAME(.ctors.*))
 *(.ctors)
 *crtbegin.o(.dtors)
 *crtbegin?.o(.dtors)
 *(EXCLUDE_FILE(*crtend.o *crtend?.o) .dtors)
 *(SORT_BY_NAME(.dtors.*))
 *(.dtors)
 *(.eh_frame*)
 .eh_frame      0x1000af00        0x0 C:/Users/fe/.pico-sdk/toolchain/13_2_Rel1/bin/../lib/gcc/arm-none-eabi/13.2.1/thumb/v6-m/nofp/crtbegin.o
                0x1000af00                        . = ALIGN (0x4)

.glue_7         0x1000af00        0x0
 .glue_7        0x1000af00        0x0 linker stubs

.glue_7t        0x1000af00        0x0
 .glue_7t       0x1000af00        0x0 linker stubs

.vfp11_veneer   0x1000af00        0x0
 .vfp11_veneer  0x1000af00        0x0 linker stubs

.v4_bx          0x1000af00        0x0
 .v4_bx         0x1000af00        0x0 linker stubs

.iplt           0x1000af00        0x0
 .iplt          0x1000af00        0x0 C:/Users/fe/.pico-sdk/toolchain/13_2_Rel1/bin/../lib/gcc/arm-none-eabi/13.2.1/thumb/v6-m/nofp/crtbegin.o

.rodata         0x1000af00     0x1ac0
 *(EXCLUDE_FILE(*libm.a: *libc.a:*lib_a-mem*.o *libgcc.a:) .rodata*)
 .rodata.main.str1.4
                0x1000af00     0x110a CMakeFiles/Microphone_DMA.dir/Microphone_DMA.c.obj
                                  0x7 (size before relaxing)
 .rodata.str1.4
                0x1000c00a       0x30 CMakeFiles/Microphone_DMA.dir/Microphone_DMA.c.obj
 *fill*         0x1000c00a        0x2 
 .rodata        0x1000c00c       0x50 CMakeFiles/Microphone_DMA.dir/Microphone_DMA.c.obj
 .rodata.ssd1306_set_pixel.str1.4
                0x1000c05c       0x7c CMakeFiles/Microphone_DMA.dir/inc/ssd1306_i2c.c.obj
 .rodata.__func__.0
                0x1000c05c       0x12 CMakeFiles/Microphone_DMA.dir/inc/ssd1306_i2c.c.obj
 *fill*         0x1000c06e        0x2 
 .rodata.font   0x1000c070      0x128 CMakeFiles/Microphone_DMA.dir/inc/ssd1306_i2c.c.obj
 .rodata        0x1000c198       0x1a CMakeFiles/Microphone_DMA.dir/inc/ssd1306_i2c.c.obj
 .rodata.spin_lock_claim_unused.str1.4
                0x1000c1b2       0x1b CMakeFiles/Microphone_DMA.dir/C_/Users/fe/.pico-sdk/sdk/1.5.1/src/rp2_common/hardware_sync/sync.c.obj
 .rodata.resolve_branch.str1.4
                0x1000c1b2       0x5a CMakeFiles/Microphone_DMA.dir/C_/Users/fe/.pico-sdk/sdk/1.5.1/src/rp2_common/hardware_irq/irq.c.obj
 .rodata.make_branch.str1.4
                0x1000c1b2       0x30 CMakeFiles/Microphone_DMA.dir/C_/Users/fe/.pico-sdk/sdk/1.5.1/src/rp2_common/hardware_irq/irq.c.obj
 .rodata.insert_branch_and_link.str1.4
                0x1000c1b2       0x10 CMakeFiles/Microphone_DMA.dir/C_/Users/fe/.pico-sdk/sdk/1.5.1/src/rp2_common/hardware_irq/irq.c.obj
 .rodata.irq_set_exclusive_handler.str1.4
                0x1000c1b2       0x36 CMakeFiles/Microphone_DMA.dir/C_/Users/fe/.pico-sdk/sdk/1.5.1/src/rp2_common/hardware_irq/irq.c.obj
 .rodata.irq_add_shared_handler.str1.4
                0x1000c1b2       0xc2 CMakeFiles/Microphone_DMA.dir/C_/Users/fe/.pico-sdk/sdk/1.5.1/src/rp2_common/hardware_irq/irq.c.obj
 .rodata.irq_remove_handler.str1.4
                0x1000c1b2       0x3a CMakeFiles/Microphone_DMA.dir/C_/Users/fe/.pico-sdk/sdk/1.5.1/src/rp2_common/hardware_irq/irq.c.obj
 .rodata.irq_add_tail_to_free_list.str1.4
                0x1000c1b2       0x3a CMakeFiles/Microphone_DMA.dir/C_/Users/fe/.pico-sdk/sdk/1.5.1/src/rp2_common/hardware_irq/irq.c.obj
 .rodata.user_irq_claim_unused.str1.4